Archive member included to satisfy reference by file (symbol)

c:/st/stm32cubeide_1.3.0/stm32cubeide/plugins/com.st.stm32cube.ide.mcu.externaltools.gnu-tools-for-stm32.7-2018-q2-update.win32_1.0.0.201904181610/tools/bin/../lib/gcc/arm-none-eabi/7.3.1/../../../../arm-none-eabi/lib/thumb/v6-m\libc_nano.a(lib_a-errno.o)
                              Src/syscalls.o (__errno)
c:/st/stm32cubeide_1.3.0/stm32cubeide/plugins/com.st.stm32cube.ide.mcu.externaltools.gnu-tools-for-stm32.7-2018-q2-update.win32_1.0.0.201904181610/tools/bin/../lib/gcc/arm-none-eabi/7.3.1/../../../../arm-none-eabi/lib/thumb/v6-m\libc_nano.a(lib_a-exit.o)
                              c:/st/stm32cubeide_1.3.0/stm32cubeide/plugins/com.st.stm32cube.ide.mcu.externaltools.gnu-tools-for-stm32.7-2018-q2-update.win32_1.0.0.201904181610/tools/bin/../lib/gcc/arm-none-eabi/7.3.1/../../../../arm-none-eabi/lib/thumb/v6-m/crt0.o (exit)
c:/st/stm32cubeide_1.3.0/stm32cubeide/plugins/com.st.stm32cube.ide.mcu.externaltools.gnu-tools-for-stm32.7-2018-q2-update.win32_1.0.0.201904181610/tools/bin/../lib/gcc/arm-none-eabi/7.3.1/../../../../arm-none-eabi/lib/thumb/v6-m\libc_nano.a(lib_a-impure.o)
                              c:/st/stm32cubeide_1.3.0/stm32cubeide/plugins/com.st.stm32cube.ide.mcu.externaltools.gnu-tools-for-stm32.7-2018-q2-update.win32_1.0.0.201904181610/tools/bin/../lib/gcc/arm-none-eabi/7.3.1/../../../../arm-none-eabi/lib/thumb/v6-m\libc_nano.a(lib_a-exit.o) (_global_impure_ptr)
c:/st/stm32cubeide_1.3.0/stm32cubeide/plugins/com.st.stm32cube.ide.mcu.externaltools.gnu-tools-for-stm32.7-2018-q2-update.win32_1.0.0.201904181610/tools/bin/../lib/gcc/arm-none-eabi/7.3.1/../../../../arm-none-eabi/lib/thumb/v6-m\libc_nano.a(lib_a-init.o)
                              c:/st/stm32cubeide_1.3.0/stm32cubeide/plugins/com.st.stm32cube.ide.mcu.externaltools.gnu-tools-for-stm32.7-2018-q2-update.win32_1.0.0.201904181610/tools/bin/../lib/gcc/arm-none-eabi/7.3.1/../../../../arm-none-eabi/lib/thumb/v6-m/crt0.o (__libc_init_array)
c:/st/stm32cubeide_1.3.0/stm32cubeide/plugins/com.st.stm32cube.ide.mcu.externaltools.gnu-tools-for-stm32.7-2018-q2-update.win32_1.0.0.201904181610/tools/bin/../lib/gcc/arm-none-eabi/7.3.1/../../../../arm-none-eabi/lib/thumb/v6-m\libc_nano.a(lib_a-memset.o)
                              c:/st/stm32cubeide_1.3.0/stm32cubeide/plugins/com.st.stm32cube.ide.mcu.externaltools.gnu-tools-for-stm32.7-2018-q2-update.win32_1.0.0.201904181610/tools/bin/../lib/gcc/arm-none-eabi/7.3.1/../../../../arm-none-eabi/lib/thumb/v6-m/crt0.o (memset)
c:/st/stm32cubeide_1.3.0/stm32cubeide/plugins/com.st.stm32cube.ide.mcu.externaltools.gnu-tools-for-stm32.7-2018-q2-update.win32_1.0.0.201904181610/tools/bin/../lib/gcc/arm-none-eabi/7.3.1/thumb/v6-m\libgcc.a(_udivsi3.o)
                              Drivers/STM32F0xx_HAL_Driver/Src/stm32f0xx_hal.o (__aeabi_uidiv)
c:/st/stm32cubeide_1.3.0/stm32cubeide/plugins/com.st.stm32cube.ide.mcu.externaltools.gnu-tools-for-stm32.7-2018-q2-update.win32_1.0.0.201904181610/tools/bin/../lib/gcc/arm-none-eabi/7.3.1/thumb/v6-m\libgcc.a(_dvmd_tls.o)
                              c:/st/stm32cubeide_1.3.0/stm32cubeide/plugins/com.st.stm32cube.ide.mcu.externaltools.gnu-tools-for-stm32.7-2018-q2-update.win32_1.0.0.201904181610/tools/bin/../lib/gcc/arm-none-eabi/7.3.1/thumb/v6-m\libgcc.a(_udivsi3.o) (__aeabi_idiv0)

Allocating common symbols
Common symbol       size              file

Value               0x8               Src/global.o
FlagSetting         0x1               Src/global.o
modbus3             0x234             Src/MODBUS.o
trig_f1             0x4               Src/driver_Input.o
nValue              0x1e              Src/initial_parameter.o
trig_H1             0x30              Src/driver_Input.o
mod_A               0x8               Src/MODBUS.o
address             0x4               Src/MODBUS.o
htim15              0x40              Src/tim.o
ENCLast             0x4               Src/initial_parameter.o
EncResult           0x4               Src/initial_parameter.o
htim17              0x40              Src/tim.o
EncBuffer           0x4               Src/initial_parameter.o
uwTick              0x4               Drivers/STM32F0xx_HAL_Driver/Src/stm32f0xx_hal.o
modbus1             0x234             Src/MODBUS.o
pFlash              0x20              Drivers/STM32F0xx_HAL_Driver/Src/stm32f0xx_hal_flash.o
input_capture       0x4               Src/stm32f0xx_it.o
sOutput             0x1               Src/global.o
htim3               0x40              Src/tim.o
trig_dw             0x4               Src/driver_Input.o
Hardware_value      0x2               Src/initial_parameter.o
halsensor           0x30              Src/driver_Input.o
Encoder             0x18              Src/driver_Input.o
huart1              0x80              Src/usart.o
trig_up             0x4               Src/driver_Input.o
trig_H2             0x18              Src/driver_Input.o
[...]
Memory Configuration

Name             Origin             Length             Attributes
RAM              0x0000000020000000 0x0000000000002000 xrw
FLASH            0x0000000008000000 0x0000000000010000 xr
*default*        0x0000000000000000 0xffffffffffffffff

Linker script and memory map

LOAD c:/st/stm32cubeide_1.3.0/stm32cubeide/plugins/com.st.stm32cube.ide.mcu.externaltools.gnu-tools-for-stm32.7-2018-q2-update.win32_1.0.0.201904181610/tools/bin/../lib/gcc/arm-none-eabi/7.3.1/thumb/v6-m/crti.o
LOAD c:/st/stm32cubeide_1.3.0/stm32cubeide/plugins/com.st.stm32cube.ide.mcu.externaltools.gnu-tools-for-stm32.7-2018-q2-update.win32_1.0.0.201904181610/tools/bin/../lib/gcc/arm-none-eabi/7.3.1/thumb/v6-m/crtbegin.o
LOAD c:/st/stm32cubeide_1.3.0/stm32cubeide/plugins/com.st.stm32cube.ide.mcu.externaltools.gnu-tools-for-stm32.7-2018-q2-update.win32_1.0.0.201904181610/tools/bin/../lib/gcc/arm-none-eabi/7.3.1/../../../../arm-none-eabi/lib/thumb/v6-m/crt0.o
LOAD Drivers/STM32F0xx_HAL_Driver/Src/stm32f0xx_hal.o
LOAD Drivers/STM32F0xx_HAL_Driver/Src/stm32f0xx_hal_cortex.o
LOAD Drivers/STM32F0xx_HAL_Driver/Src/stm32f0xx_hal_dma.o
LOAD Drivers/STM32F0xx_HAL_Driver/Src/stm32f0xx_hal_exti.o
LOAD Drivers/STM32F0xx_HAL_Driver/Src/stm32f0xx_hal_flash.o
LOAD Drivers/STM32F0xx_HAL_Driver/Src/stm32f0xx_hal_flash_ex.o
LOAD Drivers/STM32F0xx_HAL_Driver/Src/stm32f0xx_hal_gpio.o
LOAD Drivers/STM32F0xx_HAL_Driver/Src/stm32f0xx_hal_i2c.o
LOAD Drivers/STM32F0xx_HAL_Driver/Src/stm32f0xx_hal_i2c_ex.o
LOAD Drivers/STM32F0xx_HAL_Driver/Src/stm32f0xx_hal_pwr.o
LOAD Drivers/STM32F0xx_HAL_Driver/Src/stm32f0xx_hal_pwr_ex.o
LOAD Drivers/STM32F0xx_HAL_Driver/Src/stm32f0xx_hal_rcc.o
LOAD Drivers/STM32F0xx_HAL_Driver/Src/stm32f0xx_hal_rcc_ex.o
LOAD Drivers/STM32F0xx_HAL_Driver/Src/stm32f0xx_hal_spi.o
LOAD Drivers/STM32F0xx_HAL_Driver/Src/stm32f0xx_hal_spi_ex.o
LOAD Drivers/STM32F0xx_HAL_Driver/Src/stm32f0xx_hal_tim.o
LOAD Drivers/STM32F0xx_HAL_Driver/Src/stm32f0xx_hal_tim_ex.o
LOAD Drivers/STM32F0xx_HAL_Driver/Src/stm32f0xx_hal_uart.o
LOAD Drivers/STM32F0xx_HAL_Driver/Src/stm32f0xx_hal_uart_ex.o
LOAD Src/MODBUS.o
LOAD Src/MODBUS_TABLE_REGISTER.o
LOAD Src/driver_Input.o
LOAD Src/driver_Output.o
LOAD Src/fm25lxx.o
LOAD Src/function.o
LOAD Src/global.o
LOAD Src/gpio.o
LOAD Src/initial_parameter.o
LOAD Src/main.o
LOAD Src/spi.o
LOAD Src/stm32f0xx_hal_msp.o
LOAD Src/stm32f0xx_it.o
LOAD Src/syscalls.o
LOAD Src/system_stm32f0xx.o
LOAD Src/tim.o
LOAD Src/usart.o
LOAD startup/startup_stm32f030x8.o
START GROUP
LOAD c:/st/stm32cubeide_1.3.0/stm32cubeide/plugins/com.st.stm32cube.ide.mcu.externaltools.gnu-tools-for-stm32.7-2018-q2-update.win32_1.0.0.201904181610/tools/bin/../lib/gcc/arm-none-eabi/7.3.1/../../../../arm-none-eabi/lib/thumb/v6-m\libc_nano.a
LOAD c:/st/stm32cubeide_1.3.0/stm32cubeide/plugins/com.st.stm32cube.ide.mcu.externaltools.gnu-tools-for-stm32.7-2018-q2-update.win32_1.0.0.201904181610/tools/bin/../lib/gcc/arm-none-eabi/7.3.1/../../../../arm-none-eabi/lib/thumb/v6-m\libm.a
END GROUP
START GROUP
LOAD c:/st/stm32cubeide_1.3.0/stm32cubeide/plugins/com.st.stm32cube.ide.mcu.externaltools.gnu-tools-for-stm32.7-2018-q2-update.win32_1.0.0.201904181610/tools/bin/../lib/gcc/arm-none-eabi/7.3.1/thumb/v6-m\libgcc.a
LOAD c:/st/stm32cubeide_1.3.0/stm32cubeide/plugins/com.st.stm32cube.ide.mcu.externaltools.gnu-tools-for-stm32.7-2018-q2-update.win32_1.0.0.201904181610/tools/bin/../lib/gcc/arm-none-eabi/7.3.1/../../../../arm-none-eabi/lib/thumb/v6-m\libc_nano.a
END GROUP
START GROUP
LOAD c:/st/stm32cubeide_1.3.0/stm32cubeide/plugins/com.st.stm32cube.ide.mcu.externaltools.gnu-tools-for-stm32.7-2018-q2-update.win32_1.0.0.201904181610/tools/bin/../lib/gcc/arm-none-eabi/7.3.1/thumb/v6-m\libgcc.a
LOAD c:/st/stm32cubeide_1.3.0/stm32cubeide/plugins/com.st.stm32cube.ide.mcu.externaltools.gnu-tools-for-stm32.7-2018-q2-update.win32_1.0.0.201904181610/tools/bin/../lib/gcc/arm-none-eabi/7.3.1/../../../../arm-none-eabi/lib/thumb/v6-m\libc_nano.a
LOAD c:/st/stm32cubeide_1.3.0/stm32cubeide/plugins/com.st.stm32cube.ide.mcu.externaltools.gnu-tools-for-stm32.7-2018-q2-update.win32_1.0.0.201904181610/tools/bin/../lib/gcc/arm-none-eabi/7.3.1/../../../../arm-none-eabi/lib/thumb/v6-m\libnosys.a
END GROUP
START GROUP
LOAD c:/st/stm32cubeide_1.3.0/stm32cubeide/plugins/com.st.stm32cube.ide.mcu.externaltools.gnu-tools-for-stm32.7-2018-q2-update.win32_1.0.0.201904181610/tools/bin/../lib/gcc/arm-none-eabi/7.3.1/thumb/v6-m\libgcc.a
LOAD c:/st/stm32cubeide_1.3.0/stm32cubeide/plugins/com.st.stm32cube.ide.mcu.externaltools.gnu-tools-for-stm32.7-2018-q2-update.win32_1.0.0.201904181610/tools/bin/../lib/gcc/arm-none-eabi/7.3.1/../../../../arm-none-eabi/lib/thumb/v6-m\libc_nano.a
LOAD c:/st/stm32cubeide_1.3.0/stm32cubeide/plugins/com.st.stm32cube.ide.mcu.externaltools.gnu-tools-for-stm32.7-2018-q2-update.win32_1.0.0.201904181610/tools/bin/../lib/gcc/arm-none-eabi/7.3.1/../../../../arm-none-eabi/lib/thumb/v6-m\libnosys.a
END GROUP
LOAD c:/st/stm32cubeide_1.3.0/stm32cubeide/plugins/com.st.stm32cube.ide.mcu.externaltools.gnu-tools-for-stm32.7-2018-q2-update.win32_1.0.0.201904181610/tools/bin/../lib/gcc/arm-none-eabi/7.3.1/thumb/v6-m/crtend.o
LOAD c:/st/stm32cubeide_1.3.0/stm32cubeide/plugins/com.st.stm32cube.ide.mcu.externaltools.gnu-tools-for-stm32.7-2018-q2-update.win32_1.0.0.201904181610/tools/bin/../lib/gcc/arm-none-eabi/7.3.1/thumb/v6-m/crtn.o
                0x0000000020002000                _estack = 0x20002000
                0x0000000000000200                _Min_Heap_Size = 0x200
                0x0000000000000400                _Min_Stack_Size = 0x400

.isr_vector     0x0000000008000000       0xc0
                0x0000000008000000                . = ALIGN (0x4)
 *(.isr_vector)
 .isr_vector    0x0000000008000000       0xc0 startup/startup_stm32f030x8.o
                0x0000000008000000                g_pfnVectors
                0x00000000080000c0                . = ALIGN (0x4)

.text           0x00000000080000c0     0x3bcc
                0x00000000080000c0                . = ALIGN (0x4)
 *(.text)
 .text          0x00000000080000c0       0x48 c:/st/stm32cubeide_1.3.0/stm32cubeide/plugins/com.st.stm32cube.ide.mcu.externaltools.gnu-tools-for-stm32.7-2018-q2-update.win32_1.0.0.201904181610/tools/bin/../lib/gcc/arm-none-eabi/7.3.1/thumb/v6-m/crtbegin.o
 .text          0x0000000008000108      0x114 c:/st/stm32cubeide_1.3.0/stm32cubeide/plugins/com.st.stm32cube.ide.mcu.externaltools.gnu-tools-for-stm32.7-2018-q2-update.win32_1.0.0.201904181610/tools/bin/../lib/gcc/arm-none-eabi/7.3.1/thumb/v6-m\libgcc.a(_udivsi3.o)
                0x0000000008000108                __aeabi_uidiv
                0x0000000008000108                __udivsi3
                0x0000000008000214                __aeabi_uidivmod
 .text          0x000000000800021c        0x4 c:/st/stm32cubeide_1.3.0/stm32cubeide/plugins/com.st.stm32cube.ide.mcu.externaltools.gnu-tools-for-stm32.7-2018-q2-update.win32_1.0.0.201904181610/tools/bin/../lib/gcc/arm-none-eabi/7.3.1/thumb/v6-m\libgcc.a(_dvmd_tls.o)
                0x000000000800021c                __aeabi_idiv0
                0x000000000800021c                __aeabi_ldiv0
 *(.text*)
 .text.HAL_InitTick
                0x0000000008000220       0x4c Drivers/STM32F0xx_HAL_Driver/Src/stm32f0xx_hal.o
                0x0000000008000220                HAL_InitTick
 .text.HAL_Init
                0x000000000800026c       0x20 Drivers/STM32F0xx_HAL_Driver/Src/stm32f0xx_hal.o
                0x000000000800026c                HAL_Init
 .text.HAL_IncTick
                0x000000000800028c       0x18 Drivers/STM32F0xx_HAL_Driver/Src/stm32f0xx_hal.o
                0x000000000800028c                HAL_IncTick
 .text.HAL_GetTick
                0x00000000080002a4        0xc Drivers/STM32F0xx_HAL_Driver/Src/stm32f0xx_hal.o
                0x00000000080002a4                HAL_GetTick
 .text.HAL_Delay
                0x00000000080002b0       0x24 Drivers/STM32F0xx_HAL_Driver/Src/stm32f0xx_hal.o
                0x00000000080002b0                HAL_Delay
 .text.HAL_NVIC_SetPriority
                0x00000000080002d4       0x64 Drivers/STM32F0xx_HAL_Driver/Src/stm32f0xx_hal_cortex.o
                0x00000000080002d4                HAL_NVIC_SetPriority
 .text.HAL_NVIC_EnableIRQ
                0x0000000008000338       0x18 Drivers/STM32F0xx_HAL_Driver/Src/stm32f0xx_hal_cortex.o
                0x0000000008000338                HAL_NVIC_EnableIRQ
 .text.HAL_SYSTICK_Config
                0x0000000008000350       0x38 Drivers/STM32F0xx_HAL_Driver/Src/stm32f0xx_hal_cortex.o
                0x0000000008000350                HAL_SYSTICK_Config
 .text.HAL_GPIO_Init
                0x0000000008000388      0x18c Drivers/STM32F0xx_HAL_Driver/Src/stm32f0xx_hal_gpio.o
                0x0000000008000388                HAL_GPIO_Init
 .text.HAL_GPIO_ReadPin
                0x0000000008000514        0xe Drivers/STM32F0xx_HAL_Driver/Src/stm32f0xx_hal_gpio.o
                0x0000000008000514                HAL_GPIO_ReadPin
 .text.HAL_GPIO_WritePin
                0x0000000008000522        0xc Drivers/STM32F0xx_HAL_Driver/Src/stm32f0xx_hal_gpio.o
                0x0000000008000522                HAL_GPIO_WritePin
 *fill*         0x000000000800052e        0x2 
 .text.HAL_RCC_OscConfig
                0x0000000008000530      0x498 Drivers/STM32F0xx_HAL_Driver/Src/stm32f0xx_hal_rcc.o
                0x0000000008000530                HAL_RCC_OscConfig
 .text.HAL_RCC_GetSysClockFreq
                0x00000000080009c8       0x70 Drivers/STM32F0xx_HAL_Driver/Src/stm32f0xx_hal_rcc.o
                0x00000000080009c8                HAL_RCC_GetSysClockFreq
 .text.HAL_RCC_ClockConfig
                0x0000000008000a38      0x130 Drivers/STM32F0xx_HAL_Driver/Src/stm32f0xx_hal_rcc.o
                0x0000000008000a38                HAL_RCC_ClockConfig
 .text.HAL_RCC_GetHCLKFreq
                0x0000000008000b68        0xc Drivers/STM32F0xx_HAL_Driver/Src/stm32f0xx_hal_rcc.o
                0x0000000008000b68                HAL_RCC_GetHCLKFreq
 .text.HAL_RCC_GetPCLK1Freq
                0x0000000008000b74       0x20 Drivers/STM32F0xx_HAL_Driver/Src/stm32f0xx_hal_rcc.o
                0x0000000008000b74                HAL_RCC_GetPCLK1Freq
 .text.HAL_RCCEx_PeriphCLKConfig
                0x0000000008000b94      0x118 Drivers/STM32F0xx_HAL_Driver/Src/stm32f0xx_hal_rcc_ex.o
                0x0000000008000b94                HAL_RCCEx_PeriphCLKConfig
 .text.SPI_WaitFlagStateUntilTimeout
                0x0000000008000cac       0x9c Drivers/STM32F0xx_HAL_Driver/Src/stm32f0xx_hal_spi.o
 .text.SPI_WaitFifoStateUntilTimeout
                0x0000000008000d48       0xa8 Drivers/STM32F0xx_HAL_Driver/Src/stm32f0xx_hal_spi.o
 .text.SPI_EndRxTxTransaction
                0x0000000008000df0       0x68 Drivers/STM32F0xx_HAL_Driver/Src/stm32f0xx_hal_spi.o
 .text.HAL_SPI_Init
                0x0000000008000e58       0xcc Drivers/STM32F0xx_HAL_Driver/Src/stm32f0xx_hal_spi.o
                0x0000000008000e58                HAL_SPI_Init
 .text.HAL_SPI_Transmit
                0x0000000008000f24      0x1e0 Drivers/STM32F0xx_HAL_Driver/Src/stm32f0xx_hal_spi.o
                0x0000000008000f24                HAL_SPI_Transmit
 .text.TIM_OC1_SetConfig
                0x0000000008001104       0x88 Drivers/STM32F0xx_HAL_Driver/Src/stm32f0xx_hal_tim.o
 .text.TIM_OC3_SetConfig
                0x000000000800118c       0x90 Drivers/STM32F0xx_HAL_Driver/Src/stm32f0xx_hal_tim.o
 .text.TIM_OC4_SetConfig
                0x000000000800121c       0x74 Drivers/STM32F0xx_HAL_Driver/Src/stm32f0xx_hal_tim.o
 .text.TIM_TI1_ConfigInputStage
                0x0000000008001290       0x22 Drivers/STM32F0xx_HAL_Driver/Src/stm32f0xx_hal_tim.o
 *fill*         0x00000000080012b2        0x2 
 .text.TIM_TI2_SetConfig
                0x00000000080012b4       0x38 Drivers/STM32F0xx_HAL_Driver/Src/stm32f0xx_hal_tim.o
 .text.TIM_TI2_ConfigInputStage
                0x00000000080012ec       0x28 Drivers/STM32F0xx_HAL_Driver/Src/stm32f0xx_hal_tim.o
 .text.TIM_TI3_SetConfig
                0x0000000008001314       0x3c Drivers/STM32F0xx_HAL_Driver/Src/stm32f0xx_hal_tim.o
 .text.TIM_TI4_SetConfig
                0x0000000008001350       0x44 Drivers/STM32F0xx_HAL_Driver/Src/stm32f0xx_hal_tim.o
 .text.HAL_TIM_Base_Start_IT
                0x0000000008001394       0x22 Drivers/STM32F0xx_HAL_Driver/Src/stm32f0xx_hal_tim.o
                0x0000000008001394                HAL_TIM_Base_Start_IT
 .text.HAL_TIM_PWM_MspInit
                0x00000000080013b6        0x2 Drivers/STM32F0xx_HAL_Driver/Src/stm32f0xx_hal_tim.o
                0x00000000080013b6                HAL_TIM_PWM_MspInit
 .text.HAL_TIM_PeriodElapsedCallback
                0x00000000080013b8        0x2 Drivers/STM32F0xx_HAL_Driver/Src/stm32f0xx_hal_tim.o
                0x00000000080013b8                HAL_TIM_PeriodElapsedCallback
 .text.HAL_TIM_OC_DelayElapsedCallback
                0x00000000080013ba        0x2 Drivers/STM32F0xx_HAL_Driver/Src/stm32f0xx_hal_tim.o
                0x00000000080013ba                HAL_TIM_OC_DelayElapsedCallback
 .text.HAL_TIM_PWM_PulseFinishedCallback
                0x00000000080013bc        0x2 Drivers/STM32F0xx_HAL_Driver/Src/stm32f0xx_hal_tim.o
                0x00000000080013bc                HAL_TIM_PWM_PulseFinishedCallback
 .text.HAL_TIM_TriggerCallback
                0x00000000080013be        0x2 Drivers/STM32F0xx_HAL_Driver/Src/stm32f0xx_hal_tim.o
                0x00000000080013be                HAL_TIM_TriggerCallback
 .text.HAL_TIM_IRQHandler
                0x00000000080013c0      0x15a Drivers/STM32F0xx_HAL_Driver/Src/stm32f0xx_hal_tim.o
                0x00000000080013c0                HAL_TIM_IRQHandler
 *fill*         0x000000000800151a        0x2 
 .text.TIM_Base_SetConfig
                0x000000000800151c       0x94 Drivers/STM32F0xx_HAL_Driver/Src/stm32f0xx_hal_tim.o
                0x000000000800151c                TIM_Base_SetConfig
 .text.HAL_TIM_Base_Init
                0x00000000080015b0       0x34 Drivers/STM32F0xx_HAL_Driver/Src/stm32f0xx_hal_tim.o
                0x00000000080015b0                HAL_TIM_Base_Init
 .text.HAL_TIM_PWM_Init
                0x00000000080015e4       0x34 Drivers/STM32F0xx_HAL_Driver/Src/stm32f0xx_hal_tim.o
                0x00000000080015e4                HAL_TIM_PWM_Init
 .text.HAL_TIM_IC_Init
                0x0000000008001618       0x34 Drivers/STM32F0xx_HAL_Driver/Src/stm32f0xx_hal_tim.o
                0x0000000008001618                HAL_TIM_IC_Init
 .text.TIM_OC2_SetConfig
                0x000000000800164c       0x88 Drivers/STM32F0xx_HAL_Driver/Src/stm32f0xx_hal_tim.o
                0x000000000800164c                TIM_OC2_SetConfig
 .text.HAL_TIM_PWM_ConfigChannel
                0x00000000080016d4       0xec Drivers/STM32F0xx_HAL_Driver/Src/stm32f0xx_hal_tim.o
                0x00000000080016d4                HAL_TIM_PWM_ConfigChannel
 .text.TIM_TI1_SetConfig
                0x00000000080017c0       0x54 Drivers/STM32F0xx_HAL_Driver/Src/stm32f0xx_hal_tim.o
                0x00000000080017c0                TIM_TI1_SetConfig
 .text.HAL_TIM_IC_ConfigChannel
                0x0000000008001814       0xc8 Drivers/STM32F0xx_HAL_Driver/Src/stm32f0xx_hal_tim.o
                0x0000000008001814                HAL_TIM_IC_ConfigChannel
 .text.TIM_ETR_SetConfig
                0x00000000080018dc       0x18 Drivers/STM32F0xx_HAL_Driver/Src/stm32f0xx_hal_tim.o
                0x00000000080018dc                TIM_ETR_SetConfig
 .text.TIM_SlaveTimer_SetConfig
                0x00000000080018f4       0x8c Drivers/STM32F0xx_HAL_Driver/Src/stm32f0xx_hal_tim.o
 .text.HAL_TIM_SlaveConfigSynchro
                0x0000000008001980       0x5c Drivers/STM32F0xx_HAL_Driver/Src/stm32f0xx_hal_tim.o
                0x0000000008001980                HAL_TIM_SlaveConfigSynchro
 .text.TIM_CCxChannelCmd
                0x00000000080019dc       0x1a Drivers/STM32F0xx_HAL_Driver/Src/stm32f0xx_hal_tim.o
                0x00000000080019dc                TIM_CCxChannelCmd
 *fill*         0x00000000080019f6        0x2 
 .text.HAL_TIM_PWM_Start
                0x00000000080019f8       0x58 Drivers/STM32F0xx_HAL_Driver/Src/stm32f0xx_hal_tim.o
                0x00000000080019f8                HAL_TIM_PWM_Start
 .text.HAL_TIM_IC_Start_IT
                0x0000000008001a50       0x64 Drivers/STM32F0xx_HAL_Driver/Src/stm32f0xx_hal_tim.o
                0x0000000008001a50                HAL_TIM_IC_Start_IT
 .text.HAL_TIMEx_MasterConfigSynchronization
                0x0000000008001ab4       0x64 Drivers/STM32F0xx_HAL_Driver/Src/stm32f0xx_hal_tim_ex.o
                0x0000000008001ab4                HAL_TIMEx_MasterConfigSynchronization
 .text.HAL_TIMEx_CommutCallback
                0x0000000008001b18        0x2 Drivers/STM32F0xx_HAL_Driver/Src/stm32f0xx_hal_tim_ex.o
                0x0000000008001b18                HAL_TIMEx_CommutCallback
 .text.HAL_TIMEx_BreakCallback
                0x0000000008001b1a        0x2 Drivers/STM32F0xx_HAL_Driver/Src/stm32f0xx_hal_tim_ex.o
                0x0000000008001b1a                HAL_TIMEx_BreakCallback
 .text.UART_TxISR_8BIT
                0x0000000008001b1c       0x42 Drivers/STM32F0xx_HAL_Driver/Src/stm32f0xx_hal_uart.o
 .text.UART_TxISR_16BIT
                0x0000000008001b5e       0x46 Drivers/STM32F0xx_HAL_Driver/Src/stm32f0xx_hal_uart.o
 .text.HAL_UART_Transmit_IT
                0x0000000008001ba4       0x90 Drivers/STM32F0xx_HAL_Driver/Src/stm32f0xx_hal_uart.o
                0x0000000008001ba4                HAL_UART_Transmit_IT
 .text.HAL_UART_Receive_IT
                0x0000000008001c34       0xe0 Drivers/STM32F0xx_HAL_Driver/Src/stm32f0xx_hal_uart.o
                0x0000000008001c34                HAL_UART_Receive_IT
 .text.UART_RxISR_8BIT
                0x0000000008001d14       0x64 Drivers/STM32F0xx_HAL_Driver/Src/stm32f0xx_hal_uart.o
 .text.UART_RxISR_16BIT
                0x0000000008001d78       0x64 Drivers/STM32F0xx_HAL_Driver/Src/stm32f0xx_hal_uart.o
 .text.UART_SetConfig
                0x0000000008001ddc      0x1e4 Drivers/STM32F0xx_HAL_Driver/Src/stm32f0xx_hal_uart.o
                0x0000000008001ddc                UART_SetConfig
 .text.UART_AdvFeatureConfig
                0x0000000008001fc0       0xe0 Drivers/STM32F0xx_HAL_Driver/Src/stm32f0xx_hal_uart.o
                0x0000000008001fc0                UART_AdvFeatureConfig
 .text.UART_WaitOnFlagUntilTimeout
                0x00000000080020a0       0xa4 Drivers/STM32F0xx_HAL_Driver/Src/stm32f0xx_hal_uart.o
                0x00000000080020a0                UART_WaitOnFlagUntilTimeout
 .text.UART_CheckIdleState
                0x0000000008002144       0x6c Drivers/STM32F0xx_HAL_Driver/Src/stm32f0xx_hal_uart.o
                0x0000000008002144                UART_CheckIdleState
 .text.HAL_RS485Ex_Init
                0x00000000080021b0       0x90 Drivers/STM32F0xx_HAL_Driver/Src/stm32f0xx_hal_uart_ex.o
                0x00000000080021b0                HAL_RS485Ex_Init
 .text.tx1_en   0x0000000008002240       0x34 Src/MODBUS.o
                0x0000000008002240                tx1_en
 .text.rx1_en   0x0000000008002274       0x12 Src/MODBUS.o
                0x0000000008002274                rx1_en
 .text.register_address_rw
                0x0000000008002286       0x16 Src/MODBUS.o
                0x0000000008002286                register_address_rw
 .text.MODBUS_Nregs_Support_Write
                0x000000000800229c       0x18 Src/MODBUS.o
                0x000000000800229c                MODBUS_Nregs_Support_Write
 .text.register_value_in_range
                0x00000000080022b4       0x22 Src/MODBUS.o
                0x00000000080022b4                register_value_in_range
 *fill*         0x00000000080022d6        0x2 
 .text.crc16    0x00000000080022d8       0x38 Src/MODBUS.o
                0x00000000080022d8                crc16
 .text.exeption_response
                0x0000000008002310       0x78 Src/MODBUS.o
                0x0000000008002310                exeption_response
 .text.loop_back_diagnostic
                0x0000000008002388       0x70 Src/MODBUS.o
                0x0000000008002388                loop_back_diagnostic
 .text.preset_a_single_register
                0x00000000080023f8      0x120 Src/MODBUS.o
                0x00000000080023f8                preset_a_single_register
 .text.preset_multiple_register
                0x0000000008002518      0x150 Src/MODBUS.o
                0x0000000008002518                preset_multiple_register
 .text.read_multi_registers
                0x0000000008002668      0x104 Src/MODBUS.o
                0x0000000008002668                read_multi_registers
 .text.modbus   0x000000000800276c       0x98 Src/MODBUS.o
                0x000000000800276c                modbus
 .text.run_modbus
                0x0000000008002804       0x9c Src/MODBUS.o
                0x0000000008002804                run_modbus
 .text.MODBUS1_IT
                0x00000000080028a0       0x44 Src/MODBUS.o
                0x00000000080028a0                MODBUS1_IT
 .text.get_size_Table
                0x00000000080028e4        0x4 Src/MODBUS_TABLE_REGISTER.o
                0x00000000080028e4                get_size_Table
 .text.get_Switch_Status
                0x00000000080028e8       0x70 Src/driver_Input.o
                0x00000000080028e8                get_Switch_Status
 .text.get_Limit_Status
                0x0000000008002958       0x74 Src/driver_Input.o
                0x0000000008002958                get_Limit_Status
 .text.get_dipSwitch_Status
                0x00000000080029cc       0x10 Src/driver_Input.o
                0x00000000080029cc                get_dipSwitch_Status
 .text.trig_input
                0x00000000080029dc       0x5c Src/driver_Input.o
                0x00000000080029dc                trig_input
 .text.trig_Count
                0x0000000008002a38       0x3c Src/driver_Input.o
                0x0000000008002a38                trig_Count
 .text.run_Input
                0x0000000008002a74       0x60 Src/driver_Input.o
                0x0000000008002a74                run_Input
 .text.run_Count
                0x0000000008002ad4       0xe0 Src/driver_Input.o
                0x0000000008002ad4                run_Count
 .text.run_Output
                0x0000000008002bb4       0x4c Src/driver_Output.o
                0x0000000008002bb4                run_Output
 .text.FM25LXX_WriteByteSPI
                0x0000000008002c00       0x20 Src/fm25lxx.o
                0x0000000008002c00                FM25LXX_WriteByteSPI
 .text.FM25LXX_EnableWrite
                0x0000000008002c20       0x22 Src/fm25lxx.o
                0x0000000008002c20                FM25LXX_EnableWrite
 .text.FM25LXX_WriteMemory
                0x0000000008002c42       0x48 Src/fm25lxx.o
                0x0000000008002c42                FM25LXX_WriteMemory
 .text.FM25LXX_SaveData
                0x0000000008002c8a       0x28 Src/fm25lxx.o
                0x0000000008002c8a                FM25LXX_SaveData
 *fill*         0x0000000008002cb2        0x2 
 .text.Reset_default_position
                0x0000000008002cb4       0xc4 Src/function.o
                0x0000000008002cb4                Reset_default_position
 .text.set_stop_motor
                0x0000000008002d78       0x44 Src/function.o
                0x0000000008002d78                set_stop_motor
 .text.set_motor_direction
                0x0000000008002dbc       0x84 Src/function.o
                0x0000000008002dbc                set_motor_direction
 .text.run_motor
                0x0000000008002e40      0x1f4 Src/function.o
                0x0000000008002e40                run_motor
 .text.MX_GPIO_Init
                0x0000000008003034       0xb0 Src/gpio.o
                0x0000000008003034                MX_GPIO_Init
 .text.Save_single_value
                0x00000000080030e4        0xe Src/initial_parameter.o
                0x00000000080030e4                Save_single_value
 .text.Save_single_value_byReg
                0x00000000080030f2        0x2 Src/initial_parameter.o
                0x00000000080030f2                Save_single_value_byReg
 .text.user_pwm_setvalue
                0x00000000080030f4       0x38 Src/main.o
                0x00000000080030f4                user_pwm_setvalue
 .text.SystemClock_Config
                0x000000000800312c       0x60 Src/main.o
                0x000000000800312c                SystemClock_Config
 .text.main     0x000000000800318c       0xb8 Src/main.o
                0x000000000800318c                main
 .text.Error_Handler
                0x0000000008003244        0x2 Src/main.o
                0x0000000008003244                Error_Handler
 *fill*         0x0000000008003246        0x2 
 .text.MX_SPI1_Init
                0x0000000008003248       0x50 Src/spi.o
                0x0000000008003248                MX_SPI1_Init
 .text.HAL_SPI_MspInit
                0x0000000008003298       0x64 Src/spi.o
                0x0000000008003298                HAL_SPI_MspInit
 .text.HAL_MspInit
                0x00000000080032fc       0x40 Src/stm32f0xx_hal_msp.o
                0x00000000080032fc                HAL_MspInit
 .text.NMI_Handler
                0x000000000800333c        0x2 Src/stm32f0xx_it.o
                0x000000000800333c                NMI_Handler
 .text.HardFault_Handler
                0x000000000800333e        0x2 Src/stm32f0xx_it.o
                0x000000000800333e                HardFault_Handler
 .text.SVC_Handler
                0x0000000008003340        0x2 Src/stm32f0xx_it.o
                0x0000000008003340                SVC_Handler
 .text.PendSV_Handler
                0x0000000008003342        0x2 Src/stm32f0xx_it.o
                0x0000000008003342                PendSV_Handler
 .text.SysTick_Handler
                0x0000000008003344        0x8 Src/stm32f0xx_it.o
                0x0000000008003344                SysTick_Handler
 .text.RCC_IRQHandler
                0x000000000800334c        0x2 Src/stm32f0xx_it.o
                0x000000000800334c                RCC_IRQHandler
 *fill*         0x000000000800334e        0x2 
 .text.TIM1_CC_IRQHandler
                0x0000000008003350       0x10 Src/stm32f0xx_it.o
                0x0000000008003350                TIM1_CC_IRQHandler
 .text.TIM3_IRQHandler
                0x0000000008003360       0x14 Src/stm32f0xx_it.o
                0x0000000008003360                TIM3_IRQHandler
 .text.TIM6_IRQHandler
                0x0000000008003374       0x10 Src/stm32f0xx_it.o
                0x0000000008003374                TIM6_IRQHandler
 .text.TIM14_IRQHandler
                0x0000000008003384       0x14 Src/stm32f0xx_it.o
                0x0000000008003384                TIM14_IRQHandler
 .text.TIM15_IRQHandler
                0x0000000008003398       0x10 Src/stm32f0xx_it.o
                0x0000000008003398                TIM15_IRQHandler
 .text.TIM16_IRQHandler
                0x00000000080033a8       0x38 Src/stm32f0xx_it.o
                0x00000000080033a8                TIM16_IRQHandler
 .text.TIM17_IRQHandler
                0x00000000080033e0       0x38 Src/stm32f0xx_it.o
                0x00000000080033e0                TIM17_IRQHandler
 .text.HAL_UART_RxCpltCallback
                0x0000000008003418       0x28 Src/stm32f0xx_it.o
                0x0000000008003418                HAL_UART_RxCpltCallback
 .text.HAL_TIM_IC_CaptureCallback
                0x0000000008003440        0x2 Src/stm32f0xx_it.o
                0x0000000008003440                HAL_TIM_IC_CaptureCallback
 .text.SystemInit
                0x0000000008003442        0x2 Src/system_stm32f0xx.o
                0x0000000008003442                SystemInit
 .text.MX_TIM1_Init
                0x0000000008003444       0x9c Src/tim.o
                0x0000000008003444                MX_TIM1_Init
 .text.MX_TIM6_Init
                0x00000000080034e0       0x30 Src/tim.o
                0x00000000080034e0                MX_TIM6_Init
 .text.MX_TIM14_Init
                0x0000000008003510       0x30 Src/tim.o
                0x0000000008003510                MX_TIM14_Init
 .text.MX_TIM15_Init
                0x0000000008003540       0x9c Src/tim.o
                0x0000000008003540                MX_TIM15_Init
 .text.MX_TIM16_Init
                0x00000000080035dc       0x74 Src/tim.o
                0x00000000080035dc                MX_TIM16_Init
 .text.MX_TIM17_Init
                0x0000000008003650       0x74 Src/tim.o
                0x0000000008003650                MX_TIM17_Init
 .text.HAL_TIM_IC_MspInit
                0x00000000080036c4       0xc8 Src/tim.o
                0x00000000080036c4                HAL_TIM_IC_MspInit
 .text.HAL_TIM_Base_MspInit
                0x000000000800378c      0x154 Src/tim.o
                0x000000000800378c                HAL_TIM_Base_MspInit
 .text.HAL_TIM_MspPostInit
                0x00000000080038e0       0x54 Src/tim.o
                0x00000000080038e0                HAL_TIM_MspPostInit
 .text.MX_TIM3_Init
                0x0000000008003934       0xd0 Src/tim.o
                0x0000000008003934                MX_TIM3_Init
 .text.MX_USART1_UART_Init
                0x0000000008003a04       0x40 Src/usart.o
                0x0000000008003a04                MX_USART1_UART_Init
 .text.HAL_UART_MspInit
                0x0000000008003a44       0x68 Src/usart.o
                0x0000000008003a44                HAL_UART_MspInit
 .text.Uart1_Init
                0x0000000008003aac      0x11c Src/usart.o
                0x0000000008003aac                Uart1_Init
 .text.Reset_Handler
                0x0000000008003bc8       0x50 startup/startup_stm32f030x8.o
                0x0000000008003bc8                Reset_Handler
 .text.Default_Handler
                0x0000000008003c18        0x2 startup/startup_stm32f030x8.o
                0x0000000008003c18                I2C1_IRQHandler
                0x0000000008003c18                SPI1_IRQHandler
                0x0000000008003c18                EXTI2_3_IRQHandler
                0x0000000008003c18                ADC1_IRQHandler
                0x0000000008003c18                I2C2_IRQHandler
                0x0000000008003c18                RTC_IRQHandler
                0x0000000008003c18                EXTI4_15_IRQHandler
                0x0000000008003c18                DMA1_Channel1_IRQHandler
                0x0000000008003c18                Default_Handler
                0x0000000008003c18                DMA1_Channel4_5_IRQHandler
                0x0000000008003c18                EXTI0_1_IRQHandler
                0x0000000008003c18                SPI2_IRQHandler
                0x0000000008003c18                WWDG_IRQHandler
                0x0000000008003c18                DMA1_Channel2_3_IRQHandler
                0x0000000008003c18                USART2_IRQHandler
                0x0000000008003c18                FLASH_IRQHandler
                0x0000000008003c18                USART1_IRQHandler
                0x0000000008003c18                TIM1_BRK_UP_TRG_COM_IRQHandler
 *fill*         0x0000000008003c1a        0x2 
 .text.__libc_init_array
                0x0000000008003c1c       0x48 c:/st/stm32cubeide_1.3.0/stm32cubeide/plugins/com.st.stm32cube.ide.mcu.externaltools.gnu-tools-for-stm32.7-2018-q2-update.win32_1.0.0.201904181610/tools/bin/../lib/gcc/arm-none-eabi/7.3.1/../../../../arm-none-eabi/lib/thumb/v6-m\libc_nano.a(lib_a-init.o)
                0x0000000008003c1c                __libc_init_array
 .text.memset   0x0000000008003c64       0x10 c:/st/stm32cubeide_1.3.0/stm32cubeide/plugins/com.st.stm32cube.ide.mcu.externaltools.gnu-tools-for-stm32.7-2018-q2-update.win32_1.0.0.201904181610/tools/bin/../lib/gcc/arm-none-eabi/7.3.1/../../../../arm-none-eabi/lib/thumb/v6-m\libc_nano.a(lib_a-memset.o)
                0x0000000008003c64                memset
 *(.glue_7)
 .glue_7        0x0000000008003c74        0x0 linker stubs
 *(.glue_7t)
 .glue_7t       0x0000000008003c74        0x0 linker stubs
 *(.eh_frame)
 .eh_frame      0x0000000008003c74        0x0 c:/st/stm32cubeide_1.3.0/stm32cubeide/plugins/com.st.stm32cube.ide.mcu.externaltools.gnu-tools-for-stm32.7-2018-q2-update.win32_1.0.0.201904181610/tools/bin/../lib/gcc/arm-none-eabi/7.3.1/thumb/v6-m/crtbegin.o
 *(.init)
 .init          0x0000000008003c74        0x4 c:/st/stm32cubeide_1.3.0/stm32cubeide/plugins/com.st.stm32cube.ide.mcu.externaltools.gnu-tools-for-stm32.7-2018-q2-update.win32_1.0.0.201904181610/tools/bin/../lib/gcc/arm-none-eabi/7.3.1/thumb/v6-m/crti.o
                0x0000000008003c74                _init
 .init          0x0000000008003c78        0x8 c:/st/stm32cubeide_1.3.0/stm32cubeide/plugins/com.st.stm32cube.ide.mcu.externaltools.gnu-tools-for-stm32.7-2018-q2-update.win32_1.0.0.201904181610/tools/bin/../lib/gcc/arm-none-eabi/7.3.1/thumb/v6-m/crtn.o
 *(.fini)
 .fini          0x0000000008003c80        0x4 c:/st/stm32cubeide_1.3.0/stm32cubeide/plugins/com.st.stm32cube.ide.mcu.externaltools.gnu-tools-for-stm32.7-2018-q2-update.win32_1.0.0.201904181610/tools/bin/../lib/gcc/arm-none-eabi/7.3.1/thumb/v6-m/crti.o
                0x0000000008003c80                _fini
 .fini          0x0000000008003c84        0x8 c:/st/stm32cubeide_1.3.0/stm32cubeide/plugins/com.st.stm32cube.ide.mcu.externaltools.gnu-tools-for-stm32.7-2018-q2-update.win32_1.0.0.201904181610/tools/bin/../lib/gcc/arm-none-eabi/7.3.1/thumb/v6-m/crtn.o
                0x0000000008003c8c                . = ALIGN (0x4)
                0x0000000008003c8c                _etext = .

.vfp11_veneer   0x0000000008003c8c        0x0
 .vfp11_veneer  0x0000000008003c8c        0x0 linker stubs

.v4_bx          0x0000000008003c8c        0x0
 .v4_bx         0x0000000008003c8c        0x0 linker stubs

.iplt           0x0000000008003c8c        0x0
 .iplt          0x0000000008003c8c        0x0 c:/st/stm32cubeide_1.3.0/stm32cubeide/plugins/com.st.stm32cube.ide.mcu.externaltools.gnu-tools-for-stm32.7-2018-q2-update.win32_1.0.0.201904181610/tools/bin/../lib/gcc/arm-none-eabi/7.3.1/thumb/v6-m/crtbegin.o

.rodata         0x0000000008003c8c      0x2a4
                0x0000000008003c8c                . = ALIGN (0x4)
 *(.rodata)
 .rodata        0x0000000008003c8c       0x20 Drivers/STM32F0xx_HAL_Driver/Src/stm32f0xx_hal_rcc.o
 .rodata        0x0000000008003cac      0x238 Src/MODBUS.o
                0x0000000008003ce4                CRCTableLow
                0x0000000008003de4                CRCTableHigh
 .rodata        0x0000000008003ee4       0x18 Src/system_stm32f0xx.o
                0x0000000008003ee4                AHBPrescTable
                0x0000000008003ef4                APBPrescTable
 .rodata        0x0000000008003efc       0x34 Src/usart.o
 *(.rodata*)
                0x0000000008003f30                . = ALIGN (0x4)

.rel.dyn        0x0000000008003f30        0x0
 .rel.iplt      0x0000000008003f30        0x0 c:/st/stm32cubeide_1.3.0/stm32cubeide/plugins/com.st.stm32cube.ide.mcu.externaltools.gnu-tools-for-stm32.7-2018-q2-update.win32_1.0.0.201904181610/tools/bin/../lib/gcc/arm-none-eabi/7.3.1/thumb/v6-m/crtbegin.o

.ARM.extab
 *(.ARM.extab* .gnu.linkonce.armextab.*)

.ARM            0x0000000008003f30        0x0
                0x0000000008003f30                __exidx_start = .
 *(.ARM.exidx*)
                0x0000000008003f30                __exidx_end = .

.preinit_array  0x0000000008003f30        0x0
                0x0000000008003f30                PROVIDE (__preinit_array_start = .)
 *(.preinit_array*)
                0x0000000008003f30                PROVIDE (__preinit_array_end = .)

.init_array     0x0000000008003f30        0x4
                0x0000000008003f30                PROVIDE (__init_array_start = .)
 *(SORT_BY_NAME(.init_array.*))
 *(.init_array*)
 .init_array    0x0000000008003f30        0x4 c:/st/stm32cubeide_1.3.0/stm32cubeide/plugins/com.st.stm32cube.ide.mcu.externaltools.gnu-tools-for-stm32.7-2018-q2-update.win32_1.0.0.201904181610/tools/bin/../lib/gcc/arm-none-eabi/7.3.1/thumb/v6-m/crtbegin.o
                0x0000000008003f34                PROVIDE (__init_array_end = .)

.fini_array     0x0000000008003f34        0x4
                [!provide]                        PROVIDE (__fini_array_start = .)
 *(SORT_BY_NAME(.fini_array.*))
 *(.fini_array*)
 .fini_array    0x0000000008003f34        0x4 c:/st/stm32cubeide_1.3.0/stm32cubeide/plugins/com.st.stm32cube.ide.mcu.externaltools.gnu-tools-for-stm32.7-2018-q2-update.win32_1.0.0.201904181610/tools/bin/../lib/gcc/arm-none-eabi/7.3.1/thumb/v6-m/crtbegin.o
                [!provide]                        PROVIDE (__fini_array_end = .)
                0x0000000008003f38                _sidata = LOADADDR (.data)

.data           0x0000000020000000       0x18 load address 0x0000000008003f38
                0x0000000020000000                . = ALIGN (0x4)
                0x0000000020000000                _sdata = .
 *(.data)
 .data          0x0000000020000000        0x8 Drivers/STM32F0xx_HAL_Driver/Src/stm32f0xx_hal.o
                0x0000000020000000                uwTickFreq
                0x0000000020000004                uwTickPrio
 .data          0x0000000020000008        0x2 Src/MODBUS.o
                0x0000000020000008                TIME_MODBUS
 *fill*         0x000000002000000a        0x2 
 .data          0x000000002000000c        0x8 Src/MODBUS_TABLE_REGISTER.o
                0x000000002000000c                modbus_table_reg
 .data          0x0000000020000014        0x4 Src/system_stm32f0xx.o
                0x0000000020000014                SystemCoreClock
 *(.data*)
                0x0000000020000018                . = ALIGN (0x4)
                0x0000000020000018                _edata = .

.igot.plt       0x0000000020000018        0x0 load address 0x0000000008003f50
 .igot.plt      0x0000000020000018        0x0 c:/st/stm32cubeide_1.3.0/stm32cubeide/plugins/com.st.stm32cube.ide.mcu.externaltools.gnu-tools-for-stm32.7-2018-q2-update.win32_1.0.0.201904181610/tools/bin/../lib/gcc/arm-none-eabi/7.3.1/thumb/v6-m/crtbegin.o
                0x0000000020000018                . = ALIGN (0x4)

.bss            0x0000000020000018      0x850 load address 0x0000000008003f50
                0x0000000020000018                _sbss = .
                0x0000000020000018                __bss_start__ = _sbss
 *(.bss)
 .bss           0x0000000020000018       0x1c c:/st/stm32cubeide_1.3.0/stm32cubeide/plugins/com.st.stm32cube.ide.mcu.externaltools.gnu-tools-for-stm32.7-2018-q2-update.win32_1.0.0.201904181610/tools/bin/../lib/gcc/arm-none-eabi/7.3.1/thumb/v6-m/crtbegin.o
 .bss           0x0000000020000034        0x6 Src/MODBUS.o
                0x0000000020000038                status_cal_mode
 *(.bss*)
 *(COMMON)
 *fill*         0x000000002000003a        0x2 
 COMMON         0x000000002000003c        0x4 Drivers/STM32F0xx_HAL_Driver/Src/stm32f0xx_hal.o
                0x000000002000003c                uwTick
 COMMON         0x0000000020000040      0x475 Src/MODBUS.o
                0x0000000020000040                modbus3
                0x0000000020000274                mod_A
                0x000000002000027c                address
                0x0000000020000280                modbus1
                0x00000000200004b4                rxBuffer_modbus1
 *fill*         0x00000000200004b5        0x3 
 COMMON         0x00000000200004b8       0xa0 Src/driver_Input.o
                0x00000000200004b8                trig_f1
                0x00000000200004bc                trig_H1
                0x00000000200004ec                trig_dw
                0x00000000200004f0                halsensor
                0x0000000020000520                Encoder
                0x0000000020000538                trig_up
                0x000000002000053c                trig_H2
                0x0000000020000554                trig_f0
 COMMON         0x0000000020000558       0x3c Src/global.o
                0x0000000020000558                Value
                0x0000000020000560                FlagSetting
                0x0000000020000564                sOutput
                0x0000000020000568                Tick
                0x0000000020000574                sInput
 COMMON         0x0000000020000594       0x2e Src/initial_parameter.o
                0x0000000020000594                nValue
                0x00000000200005b4                ENCLast
                0x00000000200005b8                EncResult
                0x00000000200005bc                EncBuffer
                0x00000000200005c0                Hardware_value
 *fill*         0x00000000200005c2        0x2 
 COMMON         0x00000000200005c4       0x64 Src/spi.o
                0x00000000200005c4                hspi1
 COMMON         0x0000000020000628      0x1c0 Src/tim.o
                0x0000000020000628                htim15
                0x0000000020000668                htim17
                0x00000000200006a8                htim3
                0x00000000200006e8                htim6
                0x0000000020000728                htim1
                0x0000000020000768                htim14
                0x00000000200007a8                htim16
 COMMON         0x00000000200007e8       0x80 Src/usart.o
                0x00000000200007e8                huart1
                0x0000000020000868                . = ALIGN (0x4)
                0x0000000020000868                _ebss = .
                0x0000000020000868                __bss_end__ = _ebss

._user_heap_stack
                0x0000000020000868      0x600 load address 0x0000000008003f50
                0x0000000020000868                . = ALIGN (0x8)
                0x0000000020000868                PROVIDE (end = .)
                [!provide]                        PROVIDE (_end = .)
                0x0000000020000a68                . = (. + _Min_Heap_Size)
 *fill*         0x0000000020000868      0x200 
                0x0000000020000e68                . = (. + _Min_Stack_Size)
 *fill*         0x0000000020000a68      0x400 
                0x0000000020000e68                . = ALIGN (0x8)

/DISCARD/
 libc.a(*)
 libm.a(*)
 libgcc.a(*)

.ARM.attributes
                0x0000000000000000       0x28
 *(.ARM.attributes)
 .ARM.attributes
                0x0000000000000000       0x1e c:/st/stm32cubeide_1.3.0/stm32cubeide/plugins/com.st.stm32cube.ide.mcu.externaltools.gnu-tools-for-stm32.7-2018-q2-update.win32_1.0.0.201904181610/tools/bin/../lib/gcc/arm-none-eabi/7.3.1/thumb/v6-m/crti.o
 .ARM.attributes
                0x000000000000001e       0x2c c:/st/stm32cubeide_1.3.0/stm32cubeide/plugins/com.st.stm32cube.ide.mcu.externaltools.gnu-tools-for-stm32.7-2018-q2-update.win32_1.0.0.201904181610/tools/bin/../lib/gcc/arm-none-eabi/7.3.1/thumb/v6-m/crtbegin.o
 .ARM.attributes
                0x000000000000004a       0x31 Drivers/STM32F0xx_HAL_Driver/Src/stm32f0xx_hal.o
 .ARM.attributes
                0x000000000000007b       0x31 Drivers/STM32F0xx_HAL_Driver/Src/stm32f0xx_hal_cortex.o
 .ARM.attributes
                0x00000000000000ac       0x31 Drivers/STM32F0xx_HAL_Driver/Src/stm32f0xx_hal_gpio.o
 .ARM.attributes
                0x00000000000000dd       0x31 Drivers/STM32F0xx_HAL_Driver/Src/stm32f0xx_hal_rcc.o
 .ARM.attributes
                0x000000000000010e       0x31 Drivers/STM32F0xx_HAL_Driver/Src/stm32f0xx_hal_rcc_ex.o
 .ARM.attributes
                0x000000000000013f       0x31 Drivers/STM32F0xx_HAL_Driver/Src/stm32f0xx_hal_spi.o
 .ARM.attributes
                0x0000000000000170       0x31 Drivers/STM32F0xx_HAL_Driver/Src/stm32f0xx_hal_tim.o
 .ARM.attributes
                0x00000000000001a1       0x31 Drivers/STM32F0xx_HAL_Driver/Src/stm32f0xx_hal_tim_ex.o
 .ARM.attributes
                0x00000000000001d2       0x31 Drivers/STM32F0xx_HAL_Driver/Src/stm32f0xx_hal_uart.o
 .ARM.attributes
                0x0000000000000203       0x31 Drivers/STM32F0xx_HAL_Driver/Src/stm32f0xx_hal_uart_ex.o
 .ARM.attributes
                0x0000000000000234       0x31 Src/MODBUS.o
 .ARM.attributes
                0x0000000000000265       0x31 Src/MODBUS_TABLE_REGISTER.o
 .ARM.attributes
                0x0000000000000296       0x31 Src/driver_Input.o
 .ARM.attributes
                0x00000000000002c7       0x31 Src/driver_Output.o
 .ARM.attributes
                0x00000000000002f8       0x31 Src/fm25lxx.o
 .ARM.attributes
                0x0000000000000329       0x31 Src/function.o
 .ARM.attributes
                0x000000000000035a       0x31 Src/global.o
 .ARM.attributes
                0x000000000000038b       0x31 Src/gpio.o
 .ARM.attributes
                0x00000000000003bc       0x31 Src/initial_parameter.o
 .ARM.attributes
                0x00000000000003ed       0x31 Src/main.o
 .ARM.attributes
                0x000000000000041e       0x31 Src/spi.o
 .ARM.attributes
                0x000000000000044f       0x31 Src/stm32f0xx_hal_msp.o
 .ARM.attributes
                0x0000000000000480       0x31 Src/stm32f0xx_it.o
 .ARM.attributes
                0x00000000000004b1       0x31 Src/system_stm32f0xx.o
 .ARM.attributes
                0x00000000000004e2       0x31 Src/tim.o
 .ARM.attributes
                0x0000000000000513       0x31 Src/usart.o
 .ARM.attributes
                0x0000000000000544       0x21 startup/startup_stm32f030x8.o
 .ARM.attributes
                0x0000000000000565       0x2c c:/st/stm32cubeide_1.3.0/stm32cubeide/plugins/com.st.stm32cube.ide.mcu.externaltools.gnu-tools-for-stm32.7-2018-q2-update.win32_1.0.0.201904181610/tools/bin/../lib/gcc/arm-none-eabi/7.3.1/../../../../arm-none-eabi/lib/thumb/v6-m\libc_nano.a(lib_a-init.o)
 .ARM.attributes
                0x0000000000000591       0x2c c:/st/stm32cubeide_1.3.0/stm32cubeide/plugins/com.st.stm32cube.ide.mcu.externaltools.gnu-tools-for-stm32.7-2018-q2-update.win32_1.0.0.201904181610/tools/bin/../lib/gcc/arm-none-eabi/7.3.1/../../../../arm-none-eabi/lib/thumb/v6-m\libc_nano.a(lib_a-memset.o)
 .ARM.attributes
                0x00000000000005bd       0x1e c:/st/stm32cubeide_1.3.0/stm32cubeide/plugins/com.st.stm32cube.ide.mcu.externaltools.gnu-tools-for-stm32.7-2018-q2-update.win32_1.0.0.201904181610/tools/bin/../lib/gcc/arm-none-eabi/7.3.1/thumb/v6-m\libgcc.a(_udivsi3.o)
 .ARM.attributes
                0x00000000000005db       0x1e c:/st/stm32cubeide_1.3.0/stm32cubeide/plugins/com.st.stm32cube.ide.mcu.externaltools.gnu-tools-for-stm32.7-2018-q2-update.win32_1.0.0.201904181610/tools/bin/../lib/gcc/arm-none-eabi/7.3.1/thumb/v6-m\libgcc.a(_dvmd_tls.o)
 .ARM.attributes
                0x00000000000005f9       0x1e c:/st/stm32cubeide_1.3.0/stm32cubeide/plugins/com.st.stm32cube.ide.mcu.externaltools.gnu-tools-for-stm32.7-2018-q2-update.win32_1.0.0.201904181610/tools/bin/../lib/gcc/arm-none-eabi/7.3.1/thumb/v6-m/crtn.o
OUTPUT(TSL.elf elf32-littlearm)

.debug_info     0x0000000000000000    0x1b6f3
 .debug_info    0x0000000000000000      0x70a Drivers/STM32F0xx_HAL_Driver/Src/stm32f0xx_hal.o
 .debug_info    0x000000000000070a      0x813 Drivers/STM32F0xx_HAL_Driver/Src/stm32f0xx_hal_cortex.o
 .debug_info    0x0000000000000f1d      0x670 Drivers/STM32F0xx_HAL_Driver/Src/stm32f0xx_hal_gpio.o
 .debug_info    0x000000000000158d      0x9d5 Drivers/STM32F0xx_HAL_Driver/Src/stm32f0xx_hal_rcc.o
 .debug_info    0x0000000000001f62      0x438 Drivers/STM32F0xx_HAL_Driver/Src/stm32f0xx_hal_rcc_ex.o
 .debug_info    0x000000000000239a     0x1e2c Drivers/STM32F0xx_HAL_Driver/Src/stm32f0xx_hal_spi.o
 .debug_info    0x00000000000041c6     0x3226 Drivers/STM32F0xx_HAL_Driver/Src/stm32f0xx_hal_tim.o
 .debug_info    0x00000000000073ec     0x1440 Drivers/STM32F0xx_HAL_Driver/Src/stm32f0xx_hal_tim_ex.o
 .debug_info    0x000000000000882c     0x1a6b Drivers/STM32F0xx_HAL_Driver/Src/stm32f0xx_hal_uart.o
 .debug_info    0x000000000000a297      0x7b4 Drivers/STM32F0xx_HAL_Driver/Src/stm32f0xx_hal_uart_ex.o
 .debug_info    0x000000000000aa4b     0x265f Src/MODBUS.o
 .debug_info    0x000000000000d0aa     0x1796 Src/MODBUS_TABLE_REGISTER.o
 .debug_info    0x000000000000e840     0x13b9 Src/driver_Input.o
 .debug_info    0x000000000000fbf9      0xb74 Src/driver_Output.o
 .debug_info    0x000000000001076d      0xb5c Src/fm25lxx.o
 .debug_info    0x00000000000112c9     0x1441 Src/function.o
 .debug_info    0x000000000001270a      0xa6d Src/global.o
 .debug_info    0x0000000000013177      0x47d Src/gpio.o
 .debug_info    0x00000000000135f4     0x1336 Src/initial_parameter.o
 .debug_info    0x000000000001492a     0x2098 Src/main.o
 .debug_info    0x00000000000169c2      0x932 Src/spi.o
 .debug_info    0x00000000000172f4      0x36a Src/stm32f0xx_hal_msp.o
 .debug_info    0x000000000001765e     0x1df5 Src/stm32f0xx_it.o
 .debug_info    0x0000000000019453      0x2a2 Src/system_stm32f0xx.o
 .debug_info    0x00000000000196f5     0x15cb Src/tim.o
 .debug_info    0x000000000001acc0      0xa11 Src/usart.o
 .debug_info    0x000000000001b6d1       0x22 startup/startup_stm32f030x8.o

.debug_abbrev   0x0000000000000000     0x3909
 .debug_abbrev  0x0000000000000000      0x234 Drivers/STM32F0xx_HAL_Driver/Src/stm32f0xx_hal.o
 .debug_abbrev  0x0000000000000234      0x264 Drivers/STM32F0xx_HAL_Driver/Src/stm32f0xx_hal_cortex.o
 .debug_abbrev  0x0000000000000498      0x1de Drivers/STM32F0xx_HAL_Driver/Src/stm32f0xx_hal_gpio.o
 .debug_abbrev  0x0000000000000676      0x24e Drivers/STM32F0xx_HAL_Driver/Src/stm32f0xx_hal_rcc.o
 .debug_abbrev  0x00000000000008c4      0x1ba Drivers/STM32F0xx_HAL_Driver/Src/stm32f0xx_hal_rcc_ex.o
 .debug_abbrev  0x0000000000000a7e      0x26c Drivers/STM32F0xx_HAL_Driver/Src/stm32f0xx_hal_spi.o
 .debug_abbrev  0x0000000000000cea      0x246 Drivers/STM32F0xx_HAL_Driver/Src/stm32f0xx_hal_tim.o
 .debug_abbrev  0x0000000000000f30      0x246 Drivers/STM32F0xx_HAL_Driver/Src/stm32f0xx_hal_tim_ex.o
 .debug_abbrev  0x0000000000001176      0x24b Drivers/STM32F0xx_HAL_Driver/Src/stm32f0xx_hal_uart.o
 .debug_abbrev  0x00000000000013c1      0x1c2 Drivers/STM32F0xx_HAL_Driver/Src/stm32f0xx_hal_uart_ex.o
 .debug_abbrev  0x0000000000001583      0x47e Src/MODBUS.o
 .debug_abbrev  0x0000000000001a01      0x257 Src/MODBUS_TABLE_REGISTER.o
 .debug_abbrev  0x0000000000001c58      0x25f Src/driver_Input.o
 .debug_abbrev  0x0000000000001eb7      0x1ef Src/driver_Output.o
 .debug_abbrev  0x00000000000020a6      0x1e9 Src/fm25lxx.o
 .debug_abbrev  0x000000000000228f      0x26e Src/function.o
 .debug_abbrev  0x00000000000024fd      0x19a Src/global.o
 .debug_abbrev  0x0000000000002697      0x186 Src/gpio.o
 .debug_abbrev  0x000000000000281d      0x2d0 Src/initial_parameter.o
 .debug_abbrev  0x0000000000002aed      0x2e4 Src/main.o
 .debug_abbrev  0x0000000000002dd1      0x1dc Src/spi.o
 .debug_abbrev  0x0000000000002fad      0x140 Src/stm32f0xx_hal_msp.o
 .debug_abbrev  0x00000000000030ed      0x2d5 Src/stm32f0xx_it.o
 .debug_abbrev  0x00000000000033c2      0x12b Src/system_stm32f0xx.o
 .debug_abbrev  0x00000000000034ed      0x22e Src/tim.o
 .debug_abbrev  0x000000000000371b      0x1dc Src/usart.o
 .debug_abbrev  0x00000000000038f7       0x12 startup/startup_stm32f030x8.o

.debug_loc      0x0000000000000000     0xa919
 .debug_loc     0x0000000000000000      0x11b Drivers/STM32F0xx_HAL_Driver/Src/stm32f0xx_hal.o
 .debug_loc     0x000000000000011b      0x3b7 Drivers/STM32F0xx_HAL_Driver/Src/stm32f0xx_hal_cortex.o
 .debug_loc     0x00000000000004d2      0x33d Drivers/STM32F0xx_HAL_Driver/Src/stm32f0xx_hal_gpio.o
 .debug_loc     0x000000000000080f      0x49b Drivers/STM32F0xx_HAL_Driver/Src/stm32f0xx_hal_rcc.o
 .debug_loc     0x0000000000000caa      0x359 Drivers/STM32F0xx_HAL_Driver/Src/stm32f0xx_hal_rcc_ex.o
 .debug_loc     0x0000000000001003     0x1c75 Drivers/STM32F0xx_HAL_Driver/Src/stm32f0xx_hal_spi.o
 .debug_loc     0x0000000000002c78     0x3be9 Drivers/STM32F0xx_HAL_Driver/Src/stm32f0xx_hal_tim.o
 .debug_loc     0x0000000000006861     0x130d Drivers/STM32F0xx_HAL_Driver/Src/stm32f0xx_hal_tim_ex.o
 .debug_loc     0x0000000000007b6e     0x1918 Drivers/STM32F0xx_HAL_Driver/Src/stm32f0xx_hal_uart.o
 .debug_loc     0x0000000000009486      0x1c3 Drivers/STM32F0xx_HAL_Driver/Src/stm32f0xx_hal_uart_ex.o
 .debug_loc     0x0000000000009649      0x89f Src/MODBUS.o
 .debug_loc     0x0000000000009ee8       0x63 Src/MODBUS_TABLE_REGISTER.o
 .debug_loc     0x0000000000009f4b      0x111 Src/driver_Input.o
 .debug_loc     0x000000000000a05c       0x2c Src/driver_Output.o
 .debug_loc     0x000000000000a088      0x1d4 Src/fm25lxx.o
 .debug_loc     0x000000000000a25c      0x103 Src/function.o
 .debug_loc     0x000000000000a35f       0xae Src/initial_parameter.o
 .debug_loc     0x000000000000a40d       0x58 Src/main.o
 .debug_loc     0x000000000000a465       0x71 Src/spi.o
 .debug_loc     0x000000000000a4d6       0x74 Src/stm32f0xx_it.o
 .debug_loc     0x000000000000a54a      0x13b Src/system_stm32f0xx.o
 .debug_loc     0x000000000000a685      0x196 Src/tim.o
 .debug_loc     0x000000000000a81b       0xfe Src/usart.o

.debug_aranges  0x0000000000000000      0xfe8
 .debug_aranges
                0x0000000000000000       0xd0 Drivers/STM32F0xx_HAL_Driver/Src/stm32f0xx_hal.o
 .debug_aranges
                0x00000000000000d0       0x78 Drivers/STM32F0xx_HAL_Driver/Src/stm32f0xx_hal_cortex.o
 .debug_aranges
                0x0000000000000148       0x58 Drivers/STM32F0xx_HAL_Driver/Src/stm32f0xx_hal_gpio.o
 .debug_aranges
                0x00000000000001a0       0x80 Drivers/STM32F0xx_HAL_Driver/Src/stm32f0xx_hal_rcc.o
 .debug_aranges
                0x0000000000000220       0x30 Drivers/STM32F0xx_HAL_Driver/Src/stm32f0xx_hal_rcc_ex.o
 .debug_aranges
                0x0000000000000250      0x1d8 Drivers/STM32F0xx_HAL_Driver/Src/stm32f0xx_hal_spi.o
 .debug_aranges
                0x0000000000000428      0x3b8 Drivers/STM32F0xx_HAL_Driver/Src/stm32f0xx_hal_tim.o
 .debug_aranges
                0x00000000000007e0      0x150 Drivers/STM32F0xx_HAL_Driver/Src/stm32f0xx_hal_tim_ex.o
 .debug_aranges
                0x0000000000000930      0x200 Drivers/STM32F0xx_HAL_Driver/Src/stm32f0xx_hal_uart.o
 .debug_aranges
                0x0000000000000b30       0x28 Drivers/STM32F0xx_HAL_Driver/Src/stm32f0xx_hal_uart_ex.o
 .debug_aranges
                0x0000000000000b58       0x90 Src/MODBUS.o
 .debug_aranges
                0x0000000000000be8       0x40 Src/MODBUS_TABLE_REGISTER.o
 .debug_aranges
                0x0000000000000c28       0x58 Src/driver_Input.o
 .debug_aranges
                0x0000000000000c80       0x20 Src/driver_Output.o
 .debug_aranges
                0x0000000000000ca0       0x60 Src/fm25lxx.o
 .debug_aranges
                0x0000000000000d00       0x40 Src/function.o
 .debug_aranges
                0x0000000000000d40       0x18 Src/global.o
 .debug_aranges
                0x0000000000000d58       0x20 Src/gpio.o
 .debug_aranges
                0x0000000000000d78       0x50 Src/initial_parameter.o
 .debug_aranges
                0x0000000000000dc8       0x38 Src/main.o
 .debug_aranges
                0x0000000000000e00       0x30 Src/spi.o
 .debug_aranges
                0x0000000000000e30       0x20 Src/stm32f0xx_hal_msp.o
 .debug_aranges
                0x0000000000000e50       0x98 Src/stm32f0xx_it.o
 .debug_aranges
                0x0000000000000ee8       0x28 Src/system_stm32f0xx.o
 .debug_aranges
                0x0000000000000f10       0x78 Src/tim.o
 .debug_aranges
                0x0000000000000f88       0x38 Src/usart.o
 .debug_aranges
                0x0000000000000fc0       0x28 startup/startup_stm32f030x8.o

.debug_ranges   0x0000000000000000      0xef8
 .debug_ranges  0x0000000000000000       0xc0 Drivers/STM32F0xx_HAL_Driver/Src/stm32f0xx_hal.o
 .debug_ranges  0x00000000000000c0       0xc8 Drivers/STM32F0xx_HAL_Driver/Src/stm32f0xx_hal_cortex.o
 .debug_ranges  0x0000000000000188       0x48 Drivers/STM32F0xx_HAL_Driver/Src/stm32f0xx_hal_gpio.o
 .debug_ranges  0x00000000000001d0       0x88 Drivers/STM32F0xx_HAL_Driver/Src/stm32f0xx_hal_rcc.o
 .debug_ranges  0x0000000000000258       0x38 Drivers/STM32F0xx_HAL_Driver/Src/stm32f0xx_hal_rcc_ex.o
 .debug_ranges  0x0000000000000290      0x1c8 Drivers/STM32F0xx_HAL_Driver/Src/stm32f0xx_hal_spi.o
 .debug_ranges  0x0000000000000458      0x3a8 Drivers/STM32F0xx_HAL_Driver/Src/stm32f0xx_hal_tim.o
 .debug_ranges  0x0000000000000800      0x140 Drivers/STM32F0xx_HAL_Driver/Src/stm32f0xx_hal_tim_ex.o
 .debug_ranges  0x0000000000000940      0x1f0 Drivers/STM32F0xx_HAL_Driver/Src/stm32f0xx_hal_uart.o
 .debug_ranges  0x0000000000000b30       0x18 Drivers/STM32F0xx_HAL_Driver/Src/stm32f0xx_hal_uart_ex.o
 .debug_ranges  0x0000000000000b48       0x98 Src/MODBUS.o
 .debug_ranges  0x0000000000000be0       0x30 Src/MODBUS_TABLE_REGISTER.o
 .debug_ranges  0x0000000000000c10       0x48 Src/driver_Input.o
 .debug_ranges  0x0000000000000c58       0x10 Src/driver_Output.o
 .debug_ranges  0x0000000000000c68       0x50 Src/fm25lxx.o
 .debug_ranges  0x0000000000000cb8       0x30 Src/function.o
 .debug_ranges  0x0000000000000ce8       0x10 Src/gpio.o
 .debug_ranges  0x0000000000000cf8       0x58 Src/initial_parameter.o
 .debug_ranges  0x0000000000000d50       0x28 Src/main.o
 .debug_ranges  0x0000000000000d78       0x20 Src/spi.o
 .debug_ranges  0x0000000000000d98       0x10 Src/stm32f0xx_hal_msp.o
 .debug_ranges  0x0000000000000da8       0x88 Src/stm32f0xx_it.o
 .debug_ranges  0x0000000000000e30       0x18 Src/system_stm32f0xx.o
 .debug_ranges  0x0000000000000e48       0x68 Src/tim.o
 .debug_ranges  0x0000000000000eb0       0x28 Src/usart.o
 .debug_ranges  0x0000000000000ed8       0x20 startup/startup_stm32f030x8.o

.debug_macro    0x0000000000000000     0xfca3
 .debug_macro   0x0000000000000000      0x1f1 Drivers/STM32F0xx_HAL_Driver/Src/stm32f0xx_hal.o
 .debug_macro   0x00000000000001f1      0xa4e Drivers/STM32F0xx_HAL_Driver/Src/stm32f0xx_hal.o
 .debug_macro   0x0000000000000c3f      0x139 Drivers/STM32F0xx_HAL_Driver/Src/stm32f0xx_hal.o
 .debug_macro   0x0000000000000d78       0x2e Drivers/STM32F0xx_HAL_Driver/Src/stm32f0xx_hal.o
 .debug_macro   0x0000000000000da6       0x22 Drivers/STM32F0xx_HAL_Driver/Src/stm32f0xx_hal.o
 .debug_macro   0x0000000000000dc8       0x22 Drivers/STM32F0xx_HAL_Driver/Src/stm32f0xx_hal.o
 .debug_macro   0x0000000000000dea       0x8e Drivers/STM32F0xx_HAL_Driver/Src/stm32f0xx_hal.o
 .debug_macro   0x0000000000000e78       0x51 Drivers/STM32F0xx_HAL_Driver/Src/stm32f0xx_hal.o
 .debug_macro   0x0000000000000ec9       0xef Drivers/STM32F0xx_HAL_Driver/Src/stm32f0xx_hal.o
 .debug_macro   0x0000000000000fb8       0x6a Drivers/STM32F0xx_HAL_Driver/Src/stm32f0xx_hal.o
 .debug_macro   0x0000000000001022      0x1df Drivers/STM32F0xx_HAL_Driver/Src/stm32f0xx_hal.o
 .debug_macro   0x0000000000001201       0x1c Drivers/STM32F0xx_HAL_Driver/Src/stm32f0xx_hal.o
 .debug_macro   0x000000000000121d       0x22 Drivers/STM32F0xx_HAL_Driver/Src/stm32f0xx_hal.o
 .debug_macro   0x000000000000123f       0xb5 Drivers/STM32F0xx_HAL_Driver/Src/stm32f0xx_hal.o
 .debug_macro   0x00000000000012f4      0x391 Drivers/STM32F0xx_HAL_Driver/Src/stm32f0xx_hal.o
 .debug_macro   0x0000000000001685     0x6f39 Drivers/STM32F0xx_HAL_Driver/Src/stm32f0xx_hal.o
 .debug_macro   0x00000000000085be       0x3c Drivers/STM32F0xx_HAL_Driver/Src/stm32f0xx_hal.o
 .debug_macro   0x00000000000085fa      0x174 Drivers/STM32F0xx_HAL_Driver/Src/stm32f0xx_hal.o
 .debug_macro   0x000000000000876e       0x47 Drivers/STM32F0xx_HAL_Driver/Src/stm32f0xx_hal.o
 .debug_macro   0x00000000000087b5      0x924 Drivers/STM32F0xx_HAL_Driver/Src/stm32f0xx_hal.o
 .debug_macro   0x00000000000090d9      0x17f Drivers/STM32F0xx_HAL_Driver/Src/stm32f0xx_hal.o
 .debug_macro   0x0000000000009258      0x12f Drivers/STM32F0xx_HAL_Driver/Src/stm32f0xx_hal.o
 .debug_macro   0x0000000000009387       0xd9 Drivers/STM32F0xx_HAL_Driver/Src/stm32f0xx_hal.o
 .debug_macro   0x0000000000009460      0x1a0 Drivers/STM32F0xx_HAL_Driver/Src/stm32f0xx_hal.o
 .debug_macro   0x0000000000009600      0x1ed Drivers/STM32F0xx_HAL_Driver/Src/stm32f0xx_hal.o
 .debug_macro   0x00000000000097ed       0x34 Drivers/STM32F0xx_HAL_Driver/Src/stm32f0xx_hal.o
 .debug_macro   0x0000000000009821       0x43 Drivers/STM32F0xx_HAL_Driver/Src/stm32f0xx_hal.o
 .debug_macro   0x0000000000009864       0x28 Drivers/STM32F0xx_HAL_Driver/Src/stm32f0xx_hal.o
 .debug_macro   0x000000000000988c       0xb0 Drivers/STM32F0xx_HAL_Driver/Src/stm32f0xx_hal.o
 .debug_macro   0x000000000000993c      0x199 Drivers/STM32F0xx_HAL_Driver/Src/stm32f0xx_hal.o
 .debug_macro   0x0000000000009ad5      0x22c Drivers/STM32F0xx_HAL_Driver/Src/stm32f0xx_hal.o
 .debug_macro   0x0000000000009d01       0x5f Drivers/STM32F0xx_HAL_Driver/Src/stm32f0xx_hal.o
 .debug_macro   0x0000000000009d60       0xa5 Drivers/STM32F0xx_HAL_Driver/Src/stm32f0xx_hal.o
 .debug_macro   0x0000000000009e05       0x4c Drivers/STM32F0xx_HAL_Driver/Src/stm32f0xx_hal.o
 .debug_macro   0x0000000000009e51       0x2b Drivers/STM32F0xx_HAL_Driver/Src/stm32f0xx_hal.o
 .debug_macro   0x0000000000009e7c      0x305 Drivers/STM32F0xx_HAL_Driver/Src/stm32f0xx_hal.o
 .debug_macro   0x000000000000a181      0x8ae Drivers/STM32F0xx_HAL_Driver/Src/stm32f0xx_hal.o
 .debug_macro   0x000000000000aa2f       0x28 Drivers/STM32F0xx_HAL_Driver/Src/stm32f0xx_hal.o
 .debug_macro   0x000000000000aa57      0x543 Drivers/STM32F0xx_HAL_Driver/Src/stm32f0xx_hal.o
 .debug_macro   0x000000000000af9a       0x3e Drivers/STM32F0xx_HAL_Driver/Src/stm32f0xx_hal.o
 .debug_macro   0x000000000000afd8       0xff Drivers/STM32F0xx_HAL_Driver/Src/stm32f0xx_hal.o
 .debug_macro   0x000000000000b0d7      0x1cd Drivers/STM32F0xx_HAL_Driver/Src/stm32f0xx_hal_cortex.o
 .debug_macro   0x000000000000b2a4      0x205 Drivers/STM32F0xx_HAL_Driver/Src/stm32f0xx_hal_gpio.o
 .debug_macro   0x000000000000b4a9      0x1df Drivers/STM32F0xx_HAL_Driver/Src/stm32f0xx_hal_rcc.o
 .debug_macro   0x000000000000b688      0x1cd Drivers/STM32F0xx_HAL_Driver/Src/stm32f0xx_hal_rcc_ex.o
 .debug_macro   0x000000000000b855      0x1d5 Drivers/STM32F0xx_HAL_Driver/Src/stm32f0xx_hal_spi.o
 .debug_macro   0x000000000000ba2a      0x1ce Drivers/STM32F0xx_HAL_Driver/Src/stm32f0xx_hal_tim.o
 .debug_macro   0x000000000000bbf8      0x1cd Drivers/STM32F0xx_HAL_Driver/Src/stm32f0xx_hal_tim_ex.o
 .debug_macro   0x000000000000bdc5      0x1ea Drivers/STM32F0xx_HAL_Driver/Src/stm32f0xx_hal_uart.o
 .debug_macro   0x000000000000bfaf      0x1cd Drivers/STM32F0xx_HAL_Driver/Src/stm32f0xx_hal_uart_ex.o
 .debug_macro   0x000000000000c17c      0x397 Src/MODBUS.o
 .debug_macro   0x000000000000c513      0x34e Src/MODBUS.o
 .debug_macro   0x000000000000c861      0x1d1 Src/MODBUS.o
 .debug_macro   0x000000000000ca32      0x124 Src/MODBUS.o
 .debug_macro   0x000000000000cb56       0x40 Src/MODBUS.o
 .debug_macro   0x000000000000cb96       0xba Src/MODBUS.o
 .debug_macro   0x000000000000cc50       0x46 Src/MODBUS.o
 .debug_macro   0x000000000000cc96       0x18 Src/MODBUS.o
 .debug_macro   0x000000000000ccae       0x3c Src/MODBUS.o
 .debug_macro   0x000000000000ccea       0x34 Src/MODBUS.o
 .debug_macro   0x000000000000cd1e       0x16 Src/MODBUS.o
 .debug_macro   0x000000000000cd34       0x35 Src/MODBUS.o
 .debug_macro   0x000000000000cd69      0x32a Src/MODBUS.o
 .debug_macro   0x000000000000d093       0x10 Src/MODBUS.o
 .debug_macro   0x000000000000d0a3       0x52 Src/MODBUS.o
 .debug_macro   0x000000000000d0f5       0x1f Src/MODBUS.o
 .debug_macro   0x000000000000d114       0x43 Src/MODBUS.o
 .debug_macro   0x000000000000d157       0x20 Src/MODBUS.o
 .debug_macro   0x000000000000d177      0x1a3 Src/MODBUS.o
 .debug_macro   0x000000000000d31a       0x10 Src/MODBUS.o
 .debug_macro   0x000000000000d32a       0x1c Src/MODBUS.o
 .debug_macro   0x000000000000d346       0x52 Src/MODBUS.o
 .debug_macro   0x000000000000d398       0x40 Src/MODBUS.o
 .debug_macro   0x000000000000d3d8       0x10 Src/MODBUS.o
 .debug_macro   0x000000000000d3e8       0x40 Src/MODBUS.o
 .debug_macro   0x000000000000d428       0xd7 Src/MODBUS.o
 .debug_macro   0x000000000000d4ff       0x1c Src/MODBUS.o
 .debug_macro   0x000000000000d51b       0x3d Src/MODBUS.o
 .debug_macro   0x000000000000d558       0x16 Src/MODBUS.o
 .debug_macro   0x000000000000d56e      0x145 Src/MODBUS.o
 .debug_macro   0x000000000000d6b3       0x76 Src/MODBUS.o
 .debug_macro   0x000000000000d729       0x76 Src/MODBUS.o
 .debug_macro   0x000000000000d79f      0x3a3 Src/MODBUS_TABLE_REGISTER.o
 .debug_macro   0x000000000000db42      0x234 Src/driver_Input.o
 .debug_macro   0x000000000000dd76       0x46 Src/driver_Input.o
 .debug_macro   0x000000000000ddbc      0x204 Src/driver_Output.o
 .debug_macro   0x000000000000dfc0      0x1f5 Src/fm25lxx.o
 .debug_macro   0x000000000000e1b5      0x25a Src/function.o
 .debug_macro   0x000000000000e40f      0x1f8 Src/global.o
 .debug_macro   0x000000000000e607      0x1e6 Src/gpio.o
 .debug_macro   0x000000000000e7ed      0x36b Src/initial_parameter.o
 .debug_macro   0x000000000000eb58      0x3c8 Src/main.o
 .debug_macro   0x000000000000ef20      0x1e6 Src/spi.o
 .debug_macro   0x000000000000f106      0x1dc Src/stm32f0xx_hal_msp.o
 .debug_macro   0x000000000000f2e2      0x3b6 Src/stm32f0xx_it.o
 .debug_macro   0x000000000000f698      0x1cd Src/system_stm32f0xx.o
 .debug_macro   0x000000000000f865      0x1e6 Src/tim.o
 .debug_macro   0x000000000000fa4b      0x258 Src/usart.o

.debug_line     0x0000000000000000    0x10004
 .debug_line    0x0000000000000000      0x87c Drivers/STM32F0xx_HAL_Driver/Src/stm32f0xx_hal.o
 .debug_line    0x000000000000087c      0x855 Drivers/STM32F0xx_HAL_Driver/Src/stm32f0xx_hal_cortex.o
 .debug_line    0x00000000000010d1      0x818 Drivers/STM32F0xx_HAL_Driver/Src/stm32f0xx_hal_gpio.o
 .debug_line    0x00000000000018e9      0x972 Drivers/STM32F0xx_HAL_Driver/Src/stm32f0xx_hal_rcc.o
 .debug_line    0x000000000000225b      0x7a4 Drivers/STM32F0xx_HAL_Driver/Src/stm32f0xx_hal_rcc_ex.o
 .debug_line    0x00000000000029ff     0x1228 Drivers/STM32F0xx_HAL_Driver/Src/stm32f0xx_hal_spi.o
 .debug_line    0x0000000000003c27     0x1976 Drivers/STM32F0xx_HAL_Driver/Src/stm32f0xx_hal_tim.o
 .debug_line    0x000000000000559d      0xcbc Drivers/STM32F0xx_HAL_Driver/Src/stm32f0xx_hal_tim_ex.o
 .debug_line    0x0000000000006259     0x119c Drivers/STM32F0xx_HAL_Driver/Src/stm32f0xx_hal_uart.o
 .debug_line    0x00000000000073f5      0x70f Drivers/STM32F0xx_HAL_Driver/Src/stm32f0xx_hal_uart_ex.o
 .debug_line    0x0000000000007b04      0xbd1 Src/MODBUS.o
 .debug_line    0x00000000000086d5      0x96a Src/MODBUS_TABLE_REGISTER.o
 .debug_line    0x000000000000903f      0x817 Src/driver_Input.o
 .debug_line    0x0000000000009856      0x6ef Src/driver_Output.o
 .debug_line    0x0000000000009f45      0x798 Src/fm25lxx.o
 .debug_line    0x000000000000a6dd      0x856 Src/function.o
 .debug_line    0x000000000000af33      0x6d6 Src/global.o
 .debug_line    0x000000000000b609      0x6de Src/gpio.o
 .debug_line    0x000000000000bce7      0x989 Src/initial_parameter.o
 .debug_line    0x000000000000c670      0x9e5 Src/main.o
 .debug_line    0x000000000000d055      0x710 Src/spi.o
 .debug_line    0x000000000000d765      0x6c5 Src/stm32f0xx_hal_msp.o
 .debug_line    0x000000000000de2a      0xa6e Src/stm32f0xx_it.o
 .debug_line    0x000000000000e898      0x6e1 Src/system_stm32f0xx.o
 .debug_line    0x000000000000ef79      0x8a7 Src/tim.o
 .debug_line    0x000000000000f820      0x762 Src/usart.o
 .debug_line    0x000000000000ff82       0x82 startup/startup_stm32f030x8.o

.debug_str      0x0000000000000000    0x50e25
 .debug_str     0x0000000000000000    0x47091 Drivers/STM32F0xx_HAL_Driver/Src/stm32f0xx_hal.o
                                      0x472f8 (size before relaxing)
 .debug_str     0x0000000000047091      0x1f8 Drivers/STM32F0xx_HAL_Driver/Src/stm32f0xx_hal_cortex.o
                                      0x47184 (size before relaxing)
 .debug_str     0x0000000000047289      0x28b Drivers/STM32F0xx_HAL_Driver/Src/stm32f0xx_hal_gpio.o
                                      0x47060 (size before relaxing)
 .debug_str     0x0000000000047514      0x367 Drivers/STM32F0xx_HAL_Driver/Src/stm32f0xx_hal_rcc.o
                                      0x471f5 (size before relaxing)
 .debug_str     0x000000000004787b      0x127 Drivers/STM32F0xx_HAL_Driver/Src/stm32f0xx_hal_rcc_ex.o
                                      0x46f39 (size before relaxing)
 .debug_str     0x00000000000479a2      0x946 Drivers/STM32F0xx_HAL_Driver/Src/stm32f0xx_hal_spi.o
                                      0x47733 (size before relaxing)
 .debug_str     0x00000000000482e8     0x1046 Drivers/STM32F0xx_HAL_Driver/Src/stm32f0xx_hal_tim.o
                                      0x48010 (size before relaxing)
 .debug_str     0x000000000004932e      0x548 Drivers/STM32F0xx_HAL_Driver/Src/stm32f0xx_hal_tim_ex.o
                                      0x477dc (size before relaxing)
 .debug_str     0x0000000000049876      0x935 Drivers/STM32F0xx_HAL_Driver/Src/stm32f0xx_hal_uart.o
                                      0x47a22 (size before relaxing)
 .debug_str     0x000000000004a1ab       0xa0 Drivers/STM32F0xx_HAL_Driver/Src/stm32f0xx_hal_uart_ex.o
                                      0x47223 (size before relaxing)
 .debug_str     0x000000000004a24b     0x611c Src/MODBUS.o
                                      0x4d7e1 (size before relaxing)
 .debug_str     0x0000000000050367       0xad Src/MODBUS_TABLE_REGISTER.o
                                      0x4d1cd (size before relaxing)
 .debug_str     0x0000000000050414      0x21b Src/driver_Input.o
                                      0x491d4 (size before relaxing)
 .debug_str     0x000000000005062f       0x22 Src/driver_Output.o
                                      0x47efb (size before relaxing)
 .debug_str     0x0000000000050651       0xd0 Src/fm25lxx.o
                                      0x4783e (size before relaxing)
 .debug_str     0x0000000000050721       0xe6 Src/function.o
                                      0x493d3 (size before relaxing)
 .debug_str     0x0000000000050807       0x10 Src/global.o
                                      0x47ea5 (size before relaxing)
 .debug_str     0x0000000000050817       0x3c Src/gpio.o
                                      0x472ba (size before relaxing)
 .debug_str     0x0000000000050853      0x1bf Src/initial_parameter.o
                                      0x4c79e (size before relaxing)
 .debug_str     0x0000000000050a12       0xb8 Src/main.o
                                      0x4d8bf (size before relaxing)
 .debug_str     0x0000000000050aca       0x17 Src/spi.o
                                      0x476d0 (size before relaxing)
 .debug_str     0x0000000000050ae1       0x1b Src/stm32f0xx_hal_msp.o
                                      0x47390 (size before relaxing)
 .debug_str     0x0000000000050afc      0x128 Src/stm32f0xx_it.o
                                      0x4d6d8 (size before relaxing)
 .debug_str     0x0000000000050c24       0x5a Src/system_stm32f0xx.o
                                      0x46dbf (size before relaxing)
 .debug_str     0x0000000000050c7e       0x51 Src/tim.o
                                      0x47b4f (size before relaxing)
 .debug_str     0x0000000000050ccf       0xfb Src/usart.o
                                      0x477ce (size before relaxing)
 .debug_str     0x0000000000050dca       0x5b startup/startup_stm32f030x8.o

.comment        0x0000000000000000       0x7b
 .comment       0x0000000000000000       0x7b Drivers/STM32F0xx_HAL_Driver/Src/stm32f0xx_hal.o
                                         0x7c (size before relaxing)
 .comment       0x000000000000007b       0x7c Drivers/STM32F0xx_HAL_Driver/Src/stm32f0xx_hal_cortex.o
 .comment       0x000000000000007b       0x7c Drivers/STM32F0xx_HAL_Driver/Src/stm32f0xx_hal_gpio.o
 .comment       0x000000000000007b       0x7c Drivers/STM32F0xx_HAL_Driver/Src/stm32f0xx_hal_rcc.o
 .comment       0x000000000000007b       0x7c Drivers/STM32F0xx_HAL_Driver/Src/stm32f0xx_hal_rcc_ex.o
 .comment       0x000000000000007b       0x7c Drivers/STM32F0xx_HAL_Driver/Src/stm32f0xx_hal_spi.o
 .comment       0x000000000000007b       0x7c Drivers/STM32F0xx_HAL_Driver/Src/stm32f0xx_hal_tim.o
 .comment       0x000000000000007b       0x7c Drivers/STM32F0xx_HAL_Driver/Src/stm32f0xx_hal_tim_ex.o
 .comment       0x000000000000007b       0x7c Drivers/STM32F0xx_HAL_Driver/Src/stm32f0xx_hal_uart.o
 .comment       0x000000000000007b       0x7c Drivers/STM32F0xx_HAL_Driver/Src/stm32f0xx_hal_uart_ex.o
 .comment       0x000000000000007b       0x7c Src/MODBUS.o
 .comment       0x000000000000007b       0x7c Src/MODBUS_TABLE_REGISTER.o
 .comment       0x000000000000007b       0x7c Src/driver_Input.o
 .comment       0x000000000000007b       0x7c Src/driver_Output.o
 .comment       0x000000000000007b       0x7c Src/fm25lxx.o
 .comment       0x000000000000007b       0x7c Src/function.o
 .comment       0x000000000000007b       0x7c Src/global.o
 .comment       0x000000000000007b       0x7c Src/gpio.o
 .comment       0x000000000000007b       0x7c Src/initial_parameter.o
 .comment       0x000000000000007b       0x7c Src/main.o
 .comment       0x000000000000007b       0x7c Src/spi.o
 .comment       0x000000000000007b       0x7c Src/stm32f0xx_hal_msp.o
 .comment       0x000000000000007b       0x7c Src/stm32f0xx_it.o
 .comment       0x000000000000007b       0x7c Src/system_stm32f0xx.o
 .comment       0x000000000000007b       0x7c Src/tim.o
 .comment       0x000000000000007b       0x7c Src/usart.o

.debug_frame    0x0000000000000000     0x2814
 .debug_frame   0x0000000000000000      0x1ac Drivers/STM32F0xx_HAL_Driver/Src/stm32f0xx_hal.o
 .debug_frame   0x00000000000001ac       0xe4 Drivers/STM32F0xx_HAL_Driver/Src/stm32f0xx_hal_cortex.o
 .debug_frame   0x0000000000000290       0xc8 Drivers/STM32F0xx_HAL_Driver/Src/stm32f0xx_hal_gpio.o
 .debug_frame   0x0000000000000358      0x138 Drivers/STM32F0xx_HAL_Driver/Src/stm32f0xx_hal_rcc.o
 .debug_frame   0x0000000000000490       0x58 Drivers/STM32F0xx_HAL_Driver/Src/stm32f0xx_hal_rcc_ex.o
 .debug_frame   0x00000000000004e8      0x57c Drivers/STM32F0xx_HAL_Driver/Src/stm32f0xx_hal_spi.o
 .debug_frame   0x0000000000000a64      0xa60 Drivers/STM32F0xx_HAL_Driver/Src/stm32f0xx_hal_tim.o
 .debug_frame   0x00000000000014c4      0x3ac Drivers/STM32F0xx_HAL_Driver/Src/stm32f0xx_hal_tim_ex.o
 .debug_frame   0x0000000000001870      0x56c Drivers/STM32F0xx_HAL_Driver/Src/stm32f0xx_hal_uart.o
 .debug_frame   0x0000000000001ddc       0x4c Drivers/STM32F0xx_HAL_Driver/Src/stm32f0xx_hal_uart_ex.o
 .debug_frame   0x0000000000001e28      0x194 Src/MODBUS.o
 .debug_frame   0x0000000000001fbc       0x60 Src/MODBUS_TABLE_REGISTER.o
 .debug_frame   0x000000000000201c       0xcc Src/driver_Input.o
 .debug_frame   0x00000000000020e8       0x2c Src/driver_Output.o
 .debug_frame   0x0000000000002114      0x108 Src/fm25lxx.o
 .debug_frame   0x000000000000221c       0x84 Src/function.o
 .debug_frame   0x00000000000022a0       0x30 Src/gpio.o
 .debug_frame   0x00000000000022d0       0x9c Src/initial_parameter.o
 .debug_frame   0x000000000000236c       0x70 Src/main.o
 .debug_frame   0x00000000000023dc       0x5c Src/spi.o
 .debug_frame   0x0000000000002438       0x28 Src/stm32f0xx_hal_msp.o
 .debug_frame   0x0000000000002460      0x160 Src/stm32f0xx_it.o
 .debug_frame   0x00000000000025c0       0x38 Src/system_stm32f0xx.o
 .debug_frame   0x00000000000025f8      0x13c Src/tim.o
 .debug_frame   0x0000000000002734       0x74 Src/usart.o
 .debug_frame   0x00000000000027a8       0x2c c:/st/stm32cubeide_1.3.0/stm32cubeide/plugins/com.st.stm32cube.ide.mcu.externaltools.gnu-tools-for-stm32.7-2018-q2-update.win32_1.0.0.201904181610/tools/bin/../lib/gcc/arm-none-eabi/7.3.1/../../../../arm-none-eabi/lib/thumb/v6-m\libc_nano.a(lib_a-init.o)
 .debug_frame   0x00000000000027d4       0x20 c:/st/stm32cubeide_1.3.0/stm32cubeide/plugins/com.st.stm32cube.ide.mcu.externaltools.gnu-tools-for-stm32.7-2018-q2-update.win32_1.0.0.201904181610/tools/bin/../lib/gcc/arm-none-eabi/7.3.1/../../../../arm-none-eabi/lib/thumb/v6-m\libc_nano.a(lib_a-memset.o)
 .debug_frame   0x00000000000027f4       0x20 c:/st/stm32cubeide_1.3.0/stm32cubeide/plugins/com.st.stm32cube.ide.mcu.externaltools.gnu-tools-for-stm32.7-2018-q2-update.win32_1.0.0.201904181610/tools/bin/../lib/gcc/arm-none-eabi/7.3.1/thumb/v6-m\libgcc.a(_udivsi3.o)
