stm32f0xx_it.c:82:6:NMI_Handler	0	static
stm32f0xx_it.c:95:6:HardFault_Handler	0	static
stm32f0xx_it.c:110:6:SVC_Handler	0	static
stm32f0xx_it.c:123:6:PendSV_Handler	0	static
stm32f0xx_it.c:136:6:SysTick_Handler	8	static
stm32f0xx_it.c:157:6:RCC_IRQHandler	0	static
stm32f0xx_it.c:170:6:TIM1_CC_IRQHandler	8	static
stm32f0xx_it.c:184:6:TIM3_IRQHandler	8	static
stm32f0xx_it.c:198:6:TIM6_IRQHandler	8	static
stm32f0xx_it.c:212:6:TIM14_IRQHandler	8	static
stm32f0xx_it.c:227:6:TIM15_IRQHandler	8	static
stm32f0xx_it.c:241:6:TIM16_IRQHandler	8	static
stm32f0xx_it.c:259:6:TIM17_IRQHandler	8	static
stm32f0xx_it.c:275:6:HAL_UART_RxCpltCallback	8	static
stm32f0xx_it.c:285:6:HAL_UART_TxCpltCallback	8	static
stm32f0xx_it.c:298:6:HAL_TIM_IC_CaptureCallback	0	static
